33f80000 T _start
33f80020 t _undefined_instruction
33f80024 t _software_interrupt
33f80028 t _prefetch_abort
33f8002c t _data_abort
33f80030 t _not_used
33f80034 t _irq
33f80038 t _fiq
33f80040 t _TEXT_BASE
33f80044 T _armboot_start
33f80048 T _bss_start
33f8004c T _bss_end
33f80050 T FREE_RAM_END
33f80054 T FREE_RAM_SIZE
33f80058 T PreLoadedONRAM
33f8005c T IRQ_STACK_START
33f80060 T FIQ_STACK_START
33f80064 t reset
33f80118 t stack_setup
33f8012c t relocate
33f8014c t clear_bss
33f80158 t clbss_l
33f80168 t SetLoadFlag
33f80184 t _start_armboot
33f80188 t wake_up
33f801bc t cpu_init_crit
33f80200 t undefined_instruction
33f80260 t software_interrupt
33f802c0 t prefetch_abort
33f80320 t data_abort
33f80380 t not_used
33f803e0 T Launch
33f80450 t On_Steppingstone
33f804a0 t irq
33f804b4 t int_return
33f804c0 t fiq
33f80560 t s3c2410_wait_idle
33f80578 t s3c2410_nand_select_chip
33f8058c t s3c2410_nand_deselect_chip
33f805a0 t s3c2410_write_cmd
33f805b4 t s3c2410_write_addr
33f805e8 t s3c2440_wait_idle
33f80600 t s3c2440_nand_select_chip
33f80614 t s3c2440_nand_deselect_chip
33f80628 t s3c2440_write_cmd
33f8063c t wait_idle
33f80664 t nand_select_chip
33f8068c t nand_deselect_chip
33f806b4 t write_cmd
33f806dc t read_data
33f8071c T nand_init_ll
33f807ac T nand_read_ll
33f80884 T nand_read_ll_lp
33f80978 T bBootFrmNORFlash
33f809a0 T CopyCode2Ram
33f80a1c t delay
33f80a28 T clock_init
33f80adc t _TEXT_BASE
33f80ae0 T lowlevel_init
33f80b0c t SMRDATA
33f80b40 T enable_interrupts
33f80b50 T disable_interrupts
33f80b6c T show_regs
33f80cac T bad_mode
33f80cc8 T do_irq
33f80cec T do_fiq
33f80d10 T do_not_used
33f80d34 T do_data_abort
33f80d58 T do_prefetch_abort
33f80d7c T do_software_interrupt
33f80da0 T do_undefined_instruction
33f80dc4 t READ_TIMER
33f80dd8 T set_timer
33f80de8 T reset_timer_masked
33f80e08 T reset_timer
33f80e0c T get_timer_masked
33f80e54 T get_timer
33f80e68 T udelay
33f80ec0 T udelay_masked
33f80f34 T get_ticks
33f80f48 T get_tbclk
33f80f54 T reset_cpu
33f80f74 T ClearPending
33f80f90 T Timer_InitEx
33f80fdc T IsrWatchdog
33f8100c T IsrTimer4
33f8102c T Isr_Init
33f810c0 T IRQ_Handle
33f81110 T Dummy_isr
33f81138 T Timer_StopEx
33f811b0 T Timer_StartEx
33f8120c T interrupt_init
33f81280 t get_PLLCLK
33f8130c T get_UCLK
33f81314 T get_FCLK
33f8131c T get_HCLK
33f813c0 T get_PCLK
33f81478 T __udivsi3
33f81490 t Loop1
33f814a4 t Lbignum
33f814b8 t Loop3
33f814f8 t Lgot_result
33f81500 t Ldiv0
33f81510 T sbrk
33f81544 T hang
33f81554 t display_dram_config
33f81584 T display_flash_config
33f815ac t display_banner
33f815cc t init_baudrate
33f81628 T start_armboot
33f81814 T __div0
33f81818 t __fswab16
33f81830 t __fswab32
33f81850 t startAgainTimeout
33f81864 t startAgainHandler
33f81868 T NetSetHandler
33f81878 T NetCksum
33f818c0 T NetCksumOk
33f818e4 T copy_filename
33f8193c T string_to_VLAN
33f81988 T getenv_VLAN
33f81998 T string_to_ip
33f819fc T getenv_IPaddr
33f81a0c T NetEthHdrSize
33f81a50 T VLAN_to_string
33f81ab0 T ip_to_string
33f81af0 T print_IPaddr
33f81b0c t NetCopyIP
33f81b14 T NetSetIP
33f81c14 T NetSetEther
33f81cc0 t NetReadIP
33f81cdc t PingHandler
33f81d04 t NetWriteIP
33f81d20 T NetSendPacket
33f81d24 T ArpRequest
33f81e10 T NetReceive
33f822d8 T PingSend
33f82414 T NetSetTimeout
33f82444 T NetSendUDPPacket
33f8257c T NetStartAgain
33f825f8 T ArpTimeoutCheck
33f8266c t PingTimeout
33f82688 T NetLoop
33f82a64 t __fswab16
33f82a7c t TftpSend
33f82bdc T TftpStart
33f82dd4 t TftpTimeout
33f82e30 t TftpHandler
33f83064 t __fswab16
33f8307c t __fswab32
33f8309c t truncate_sz
33f830d0 t NetWriteIP
33f830ec t NetCopyIP
33f830f4 t NetReadLong
33f83110 T BootpRequest
33f83314 t BootpHandler
33f8363c t BootpTimeout
33f83684 T RarpRequest
33f8378c t RarpHandler
33f837e8 t RarpTimeout
33f83830 T eth_initialize
33f83838 t __fswab32
33f83858 t NfsTimeout
33f8387c t basename
33f838b8 t dirname
33f838d4 t rpc_add_credentials
33f839ac t rpc_lookup_reply
33f83a4c t nfs_mount_reply
33f83ae0 t nfs_umountall_reply
33f83b60 t nfs_lookup_reply
33f83bec t rpc_req
33f83cf4 t rpc_lookup_req
33f83d58 t nfs_mount_req
33f83de8 t nfs_umountall_req
33f83e40 t nfs_lookup_req
33f83ee4 t nfs_read_req
33f83f5c t nfs_readlink_req
33f83fac t NfsSend
33f84040 T NfsStart
33f84278 t nfs_readlink_reply
33f8436c t nfs_read_reply
33f844a0 t NfsHandler
33f84680 t flash_write8
33f8468c t flash_write16
33f8469c t flash_write32
33f846a4 t flash_write64
33f846ac t __flash_read64
33f846ac W flash_read64
33f846c0 T flash_sector_size
33f84704 t flash_map
33f84718 t flash_unmap
33f8471c t flash_make_cmd
33f84770 t flash_read_uchar
33f84788 t flash_write_cmd
33f84820 t flash_unlock_seq
33f84850 t flash_isequal
33f8490c t flash_isset
33f849d0 t flash_add_byte
33f84a74 t find_sector
33f84a98 t cfi_reverse_geometry
33f84b48 t cmdset_intel_read_jedec_ids
33f84bbc t cmdset_amd_read_jedec_ids
33f84cac T flash_get_size
33f852b8 T flash_read_jedec_ids
33f85314 T flash_init
33f854f8 t flash_status_check
33f856dc t flash_full_status_check
33f85854 t flash_write_cfiword
33f85a5c T write_buff
33f861a8 T flash_print_info
33f863b8 T flash_erase
33f865c0 T jedec_flash_match
33f86788 T jedec_flash_probe
33f867e8 t dm9000_outblk_8bit
33f8680c t dm9000_outblk_16bit
33f86840 t dm9000_outblk_32bit
33f86870 t dm9000_inblk_8bit
33f86894 t dm9000_inblk_16bit
33f868c8 t dm9000_inblk_32bit
33f868f8 t dm9000_rx_status_32bit
33f86918 t dm9000_rx_status_16bit
33f86938 t dm9000_rx_status_8bit
33f86968 t DM9000_ior
33f8697c t DM9000_iow
33f86994 T write_srom_word
33f869f0 T read_srom_word
33f86a44 t phy_write
33f86aa4 T eth_halt
33f86adc t phy_read
33f86b34 t dm9000_reset
33f86bd4 T eth_rx
33f86d0c T eth_send
33f86ddc T eth_init
33f87370 T nand_init
33f873f8 t generic_ffs
33f87450 t nand_release_device
33f87468 t nand_read_byte
33f87478 t nand_write_byte
33f8748c t nand_read_byte16
33f874a0 t nand_write_byte16
33f874b4 t nand_read_word
33f874c4 t nand_write_word
33f874dc t nand_write_buf
33f87510 t nand_read_buf
33f87538 t nand_verify_buf
33f87580 t nand_write_buf16
33f875b8 t nand_read_buf16
33f875f0 t nand_verify_buf16
33f8763c t nand_check_wp
33f87678 t nand_block_checkbad
33f8768c T nand_write_calmecc
33f8791c t nand_write_oob
33f87acc t single_erase_cmd
33f87b08 t multi_erase_cmd
33f87b94 t nand_sync
33f87b98 t nand_block_isbad
33f87bd0 t nand_block_markbad
33f87c0c T nand_release
33f87c48 T nand_erase_nand
33f87e30 t nand_erase
33f87e38 T nand_scan
33f88720 t nand_prepare_oobbuf
33f88808 t nand_write_ecc
33f88da8 t nand_write
33f88dd4 t nand_read_oob
33f88fbc t nand_read_ecc
33f89630 t nand_read
33f8965c t nand_command_lp
33f89870 t nand_block_bad
33f8998c t nand_command
33f89b9c T nand_read_raw
33f89d04 t nand_default_block_markbad
33f89dac t nand_select_chip
33f89e10 t nand_wait
33f89eec T nand_calculate_ecc
33f89ffc T nand_correct_data
33f8a18c t check_pattern
33f8a244 T nand_isbad_bbt
33f8a294 t read_bbt
33f8a49c t read_abs_bbt
33f8a574 t write_bbt
33f8abf0 T nand_update_bbt
33f8ad40 t mark_bbt_region
33f8aec0 t create_bbt
33f8b064 t search_bbt
33f8b260 T nand_scan_bbt
33f8b6a0 T nand_default_bbt
33f8b764 T _WrDbgStrFifo
33f8b794 T DbgPrintf
33f8b7a0 T IsrUsbd
33f8b890 T UsbdMain
33f8b8a4 t RdPktEp3_CheckSum
33f8b8fc T ClearEp3OutPktReady
33f8b924 T IsrDma2
33f8bac8 T Ep3Handler
33f8bc84 T InitDescriptorTable
33f8bda8 T PrintEp0Pkt
33f8bdec T Ep0Handler
33f8c8f8 T Port_Init
33f8c9f8 T Clk0_Enable
33f8ca2c T Clk1_Enable
33f8ca60 T Clk0_Disable
33f8ca7c T Clk1_Disable
33f8ca98 T HaltDabort
33f8caac T HaltPabort
33f8cac0 T HaltSwi
33f8cad4 T HaltUndef
33f8cae8 T usb_init
33f8cc5c T awaitkey
33f8cccc T usb_receive
33f8cf14 T PrepareEp1Fifo
33f8cf84 T Ep1Handler
33f8d034 T ReconfigUsbd
33f8d18c T ConfigUsbd
33f8d1b0 T RdPktEp0
33f8d1dc T WrPktEp0
33f8d208 T WrPktEp1
33f8d234 T WrPktEp2
33f8d260 T RdPktEp3
33f8d28c T RdPktEp4
33f8d2b8 T ConfigEp3DmaMode
33f8d384 T ConfigEp3IntMode
33f8d3dc T run_command
33f8d854 T do_run
33f8d8d4 t delete_char
33f8d9b0 T readline
33f8db80 T main_loop
33f8dd9c t __fswab32
33f8ddbc T autoscript
33f8df6c T do_autoscript
33f8dfac t print_num
33f8dfc0 T do_bdinfo
33f8e094 T do_go
33f8e118 t __fswab32
33f8e138 T gunzip
33f8e290 t zfree
33f8e298 t zalloc
33f8e2a8 T print_image_hdr
33f8e6a4 t do_imls
33f8e7c0 t image_info
33f8e8b0 T do_iminfo
33f8e910 T do_bootd
33f8e934 T do_bootm
33f8eef8 t on_off
33f8ef34 T do_dcache
33f8efb8 T do_icache
33f8f03c T do_coninfo
33f8f130 t cnvrt2
33f8f174 T mk_date
33f8f33c T do_date
33f8f450 T valid_elf_image
33f8f4c4 T load_elf_image
33f8f5cc T do_bootvx
33f8f750 T do_bootelf
33f8f7f4 t flash_fill_sect_ranges
33f8f9a4 T flash_sect_protect
33f8fa9c t addr_spec
33f8fc00 t abbrev_spec
33f8fd4c T do_protect
33f900d8 T flash_sect_erase
33f901b8 T do_flerase
33f90410 T do_flinfo
33f9048c t evalstr
33f904a8 t evalexp
33f904f4 T binary_test
33f906d4 T do_itest
33f9077c t __list_add
33f90790 t list_add_tail
33f9079c t list_del
33f907bc t list_empty
33f907d0 t device_find
33f90824 t jffs2_part_info
33f908ac t part_validate
33f90a88 t index_partitions
33f90b44 t memsize_format
33f90ba0 t current_save
33f90c3c t part_sort_add
33f90d60 t part_delall
33f90d98 t device_delall
33f90dec t devices_init
33f90e14 t device_del
33f90e78 t memsize_parse
33f90ee0 t device_parse
33f91384 T id_parse
33f91468 T find_dev_and_part
33f91608 t generate_mtdparts_save
33f91904 T mtdparts_init
33f91f1c T do_jffs2_mtdparts
33f92484 T do_jffs2_chpart
33f92534 T do_jffs2_fsinfo
33f925c0 T do_jffs2_ls
33f92638 T do_jffs2_fsload
33f927b4 T ktrans
33f927dc T chk1
33f9280c t bin_data_init
33f92828 t bin_data_char
33f9285c T k_data_init
33f9287c T k_data_save
33f928a4 T k_data_restore
33f928cc T k_data_char
33f92920 T send_pad
33f92950 T s1_sendpacket
33f9297c T handle_send_packet
33f92b40 T send_nack
33f92ba0 T send_ack
33f92c00 t load_serial_xmodem
33f92d38 t load_serial_ymodem
33f92e70 t getcxmodem
33f92e90 T do_load_serial_bin
33f93328 t load_serial
33f9354c T do_load_serial
33f93628 T do_mem_base
33f9366c T do_mem_crc
33f93724 T do_mem_mtest
33f9384c T cmd_get_data_size
33f938c4 T do_mem_loop
33f939c8 T do_mem_cp
33f93af8 T do_mem_cmp
33f93c9c T do_mem_mw
33f93d70 t mod_mem
33f93ecc T do_mem_nm
33f93eec T do_mem_mm
33f93f0c T do_mem_md
33f940e8 T do_sleep
33f94178 t __fswab32
33f94198 t nand_read
33f941b4 t str2long
33f941f0 t arg_off_size
33f943a0 t nand_load_image
33f944d0 T do_nandboot
33f946e4 T do_nand
33f95378 T do_ping
33f95400 t netboot_common
33f956b0 T do_nfs
33f956bc T do_rarpb
33f956c8 T do_tftpb
33f956d4 T do_bootp
33f956e0 t envmatch
33f95750 T getenv_r
33f95810 T do_saveenv
33f9583c T getenv
33f958b8 T _do_setenv
33f95d3c T do_setenv
33f95d7c T setenv
33f95dac T do_printenv
33f95f50 T do_usbslave
33f96090 T param_menu_usage
33f960ec T main_menu_usage
33f961d4 T param_menu_shell
33f96300 T menu_shell
33f965e4 T do_menu
33f965f4 T find_cmd
33f96688 T do_echo
33f96704 T do_help
33f968a8 T do_version
33f968c8 t console_setfile
33f9696c T fgetc
33f96994 T ftstc
33f969bc T fputc
33f969e8 T fputs
33f96a10 T disable_ctrlc
33f96a28 T had_ctrlc
33f96a38 T clear_ctrlc
33f96a4c T dbg
33f96a58 T console_init_f
33f96a68 T console_assign
33f96af8 T fprintf
33f96b44 T puts
33f96b60 T vprintf
33f96b90 T printf
33f96bd4 T console_init_r
33f96d74 T serial_printf
33f96db8 T putc
33f96dd8 T tstc
33f96df0 T getc
33f96e08 T ctrlc
33f96e58 T devices_done
33f96e74 T device_register
33f96e98 T devices_init
33f96f44 T malloc_bin_reloc
33f96f7c T malloc_usable_size
33f96fc0 T mallopt
33f9702c T malloc_trim
33f970f8 T free
33f97328 T cfree
33f9732c T malloc
33f97904 T memalign
33f97a14 T pvalloc
33f97a2c T valloc
33f97a38 T calloc
33f97b18 T realloc
33f97f88 T env_get_char_memory
33f97fa8 T env_get_addr
33f97fc8 t env_get_char_init
33f97fe8 T env_crc_update
33f98014 T env_relocate
33f980a4 T env_get_char_spec
33f980b0 T env_init
33f980cc T saveenv
33f98190 t use_default
33f9821c T env_relocate_spec
33f9829c t dummy
33f982a0 T get_version
33f982a8 T jumptable_init
33f98360 T flash_protect
33f9845c T addr2info
33f984a4 T flash_perror
33f98584 T flash_write
33f986ec T GetHandleSize
33f986f4 T ListSetAllocationPolicy
33f98708 T ListGetPtrToItem
33f98740 T ListGetDataPtr
33f9874c T ListGetItemSize
33f98758 T ListNumItems
33f98764 T ListGetItems
33f987b4 T SetHandleSize
33f98830 T ListInsertItems
33f989fc T ListInsertItem
33f98a04 T DisposeHandle
33f98a24 T ListDispose
33f98a28 T NewHandle
33f98a84 T ListCreate
33f98ae4 t hex1_bin
33f98b20 t hex2_bin
33f98b54 T srec_decode
33f98dc4 T parse_num
33f98eec T xyzModem_error
33f98f88 T xyzModem_stream_close
33f98fd4 T CYGACC_COMM_IF_PUTC
33f98fe0 T CYGACC_COMM_IF_GETC_TIMEOUT
33f99034 t xyzModem_flush
33f9905c T xyzModem_stream_terminate
33f99134 t xyzModem_get_hdr
33f993c0 T xyzModem_stream_read
33f9964c T xyzModem_stream_open
33f997a8 T do_suspend
33f9987c T cyg_crc16
33f998c4 T crc32
33f999d8 T crc32_no_comp
33f99ae4 T print_size
33f99b80 T display_options
33f99ba0 T strcpy
33f99bbc T strncpy
33f99be4 T strcat
33f99c18 T strncat
33f99c7c T strcmp
33f99cb4 T strncmp
33f99d04 T strchr
33f99d30 T strlen
33f99d50 T strrchr
33f99d88 T strnlen
33f99db0 T strspn
33f99df4 T strpbrk
33f99e34 T strtok
33f99eb4 T strsep
33f99ee8 T strswab
33f99f34 T memset
33f99f54 T bcopy
33f99f80 T memcpy
33f99fa4 T memmove
33f9a000 T memcmp
33f9a040 T memscan
33f9a070 T strstr
33f9a0d4 T memchr
33f9a104 T strdup
33f9a134 T simple_strtoul
33f9a1ec T simple_strtol
33f9a214 t skip_atoi
33f9a24c t number
33f9a4b8 T panic
33f9a508 T vsprintf
33f9a8f8 T sprintf
33f9a920 t falloc
33f9a944 t ffree
33f9a948 t inflate_trees_free
33f9a97c t huft_build
33f9af68 t inflate_trees_fixed
33f9b15c t inflate_codes_new
33f9b1ac t inflate_codes_free
33f9b1cc t inflate_blocks_reset
33f9b298 T inflateEnd
33f9b330 T inflateReset
33f9b390 T inflateSync
33f9b490 T inflateInit2
33f9b5d4 T inflateInit
33f9b5dc T adler32
33f9b754 T inflateIncomp
33f9b880 t inflate_flush
33f9b9fc T inflate
33f9d660 T board_init
33f9d734 T dram_init
33f9d754 T board_flash_get_legacy
33f9d770 t read_p15_c1
33f9d778 t write_p15_c1
33f9d780 t cp_delay
33f9d7ac T cpu_init
33f9d804 T icache_enable
33f9d820 T icache_disable
33f9d83c T icache_status
33f9d850 T dcache_enable
33f9d86c T dcache_disable
33f9d888 T dcache_status
33f9d89c T cleanup_before_linux
33f9d8c4 T do_reset
33f9d8e0 T s3c2440_cpu_suspend
33f9d940 t s3c2440_do_sleep
33f9d954 t s3c2440_do_resume
33f9d980 t S3C24X0_GetBase_UART
33f9d98c T serial_getc
33f9d9ac T serial_putc
33f9d9e4 T serial_tstc
33f9d9fc T serial_puts
33f9da24 T serial_setbrg
33f9da74 T serial_init
33f9da84 t s3c2410_nand_select_chip
33f9daa8 t s3c2410_nand_devready
33f9dab8 t s3c2440_nand_select_chip
33f9dadc t s3c2440_nand_devready
33f9daec T board_nand_init
33f9dbc0 t s3c2440_nand_hwcontrol
33f9dc24 t s3c2410_nand_hwcontrol
33f9dc88 T __ashldi3
33f9dca4 T __ashrdi3
33f9dcc0 T __divsi3
33f9ddd8 t Ldiv0
33f9de00 T __modsi3
33f9ded4 t Ldiv0
33f9df00 T __umodsi3
33f9df14 t Loop1
33f9df28 t Lbignum
33f9df3c t Loop3
33f9dfa4 t Ldiv0
33f9dfb4 t __fswab32
33f9dfd4 t setup_start_tag
33f9e010 t setup_memory_tags
33f9e04c t setup_end_tag
33f9e068 t setup_commandline_tag
33f9e0e4 T do_bootm_rawLinux
33f9e14c T do_bootm_linux
33f9e394 T flush_cache
33f9e398 T cramfs_check
33f9e404 t cramfs_read_super
33f9e538 T cramfs_info
33f9e60c t cramfs_resolve
33f9e72c t cramfs_uncompress
33f9e7d4 t cramfs_list_inode
33f9e92c T cramfs_ls
33f9ea90 T cramfs_load
33f9eb68 T cramfs_uncompress_exit
33f9eb80 T cramfs_uncompress_init
33f9ebdc t zfree
33f9ebe4 t zalloc
33f9ebf4 T cramfs_uncompress_block
33f9ec40 t get_fl_mem_nor
33f9ec78 T mkmodestr
33f9ed94 t insert_node
33f9ee50 t put_fl_mem
33f9ee74 t free_nodes
33f9ee9c T jffs2_free_cache
33f9eec8 t get_fl_mem_nand
33f9f07c t get_node_mem
33f9f13c t get_fl_mem
33f9f190 T jffs2_1pass_rescan_needed
33f9f1fc t jffs2_get_list
33f9f668 T jffs2_1pass_info
33f9f7a0 t jffs2_1pass_find_inode
33f9f920 t jffs2_1pass_search_inode
33f9fa54 t jffs2_1pass_read_inode
33f9fcdc T jffs2_1pass_load
33f9ff98 t jffs2_1pass_search_list_inodes
33fa05e8 T jffs2_1pass_ls
33fa063c T rtime_decompress
33fa0714 T rubin_do_decompress
33fa0808 T dynrubin_decompress
33fa0848 T zlib_decompress
33fa0860 T cramfs_memset
33fa0884 T pull_bits
33fa08e0 T pull_bit
33fa0914 t read_symbol
33fa099c t decompress_huffman
33fa0ad0 t fill_code_tables
33fa0bac t init_code_tables
33fa0be8 T decompress_block
33fa1184 T GregorianDay
33fa1278 T to_tm
33fa1380 T mktime
33fa1414 t SetRTC_Access
33fa1444 t bcd2bin
33fa145c t bin2bcd
33fa1490 T rtc_get
33fa1590 T rtc_set
33fa1628 T rtc_reset
33fa164c t nand_block_bad_scrub
33fa1654 T nand_lock
33fa16c4 T nand_unlock
33fa17ec T nand_get_lock_status
33fa1878 T nand_read_opts
33fa1c14 T nand_write_opts
33fa2100 T nand_erase_opts
33fa2450 r C.7.1831
33fa24d0 R version_string
33fa2514 r flash_offset_cfi
33fa251c r C.66.2993
33fa2524 r jedec_table
33fa3814 r unlock_addrs
33fa384c r default_nand_name
33fa3851 r C.19.3302
33fa3853 r __FUNCTION__.3145
33fa3864 r nand_ecc_precalc_table
33fa3964 r descStr0
33fa3968 r descStr1
33fa397e r descStr2
33fa39ac r mtdids_default
33fa39b0 r mtdparts_default
33fa39b4 r baudrate_table
33fa39c8 r crc16_tab
33fa3bc8 r crc_table
33fa3fc8 r border
33fa4014 r inflate_mask
33fa4058 r __FUNCTION__.2735
33fa406f r __FUNCTION__.2699
33fa4088 r l.2901
33fa408c r spinner
33fa4090 r compr_names
33fa40ac r year_lengths.1924
33fa40b4 r mon_lengths.1923
33fa4114 r day_name.1900
33fa4129 r mon_name.1901
33fa4150 r huffman_order
33fa4164 r C.7.1869
33fac1fc D init_sequence
33fac228 D NetOurVLAN
33fac22a D NetBcastAddr
33fac230 D NetOurNativeVLAN
33fac234 d nfs_offset
33fac238 D nand_curr_device
33fac23c d ffchars
33fac27c d nand_oob_8
33fac344 d nand_oob_16
33fac40c d nand_oob_64
33fac4d4 D nand_flash_ids
33fac9e4 D nand_manuf_ids
33faca1c d bbt_main_descr
33faca40 d bbt_mirror_descr
33faca64 d agand_flashbased
33faca88 d smallpage_flashbased
33facaac d largepage_flashbased
33facad0 d smallpage_memorybased
33facaf4 d largepage_memorybased
33facb18 d bbt_pattern
33facb1c d mirror_pattern
33facb20 d scan_agand_pattern
33facb26 d scan_ff_pattern
33facb28 D Selfpwr
33facb29 D Configuration
33facb2a d erase_seq
33facb2e d tab_seq
33facb38 D load_addr
33facb3c D weekdays
33facb58 D op_table
33facbc0 d do_echo
33facbc4 D dp_last_length
33facbc8 D g_bUSBWait
33facbcc D stdio_names
33facbd8 d av_
33facfe0 d trim_threshold
33facfe4 d mmap_threshold
33facfe8 d sbrk_base
33facfec D default_environment
33fad0ec D env_get_char
33fad0f0 D default_environment_size
33fad0f4 D env_name_spec
33fad0f8 D _ctype
33fad1f8 d fixed_left
33fad1fc d cplens
33fad278 d cplext
33fad2f4 d cpdist
33fad36c d cpdext
33fad3e4 D zlib_version
33fad3e8 D z_errmsg
33fad408 d nand_cache_off
33fad40c d month_days
33fad43c d autoplace_oobinfo
33fad504 d jffs2_oobinfo
33fad5cc d yaffs_oobinfo
33fad694 A __u_boot_cmd_start
33fad694 D __u_boot_cmd_autoscr
33fad6ac D __u_boot_cmd_bdinfo
33fad6c4 D __u_boot_cmd_go
33fad6dc D __u_boot_cmd_reset
33fad6f4 D __u_boot_cmd_bootm
33fad70c D __u_boot_cmd_boot
33fad724 D __u_boot_cmd_bootd
33fad73c D __u_boot_cmd_iminfo
33fad754 D __u_boot_cmd_imls
33fad76c D __u_boot_cmd_icache
33fad784 D __u_boot_cmd_dcache
33fad79c D __u_boot_cmd_coninfo
33fad7b4 D __u_boot_cmd_date
33fad7cc D __u_boot_cmd_bootelf
33fad7e4 D __u_boot_cmd_bootvx
33fad7fc D __u_boot_cmd_flinfo
33fad814 D __u_boot_cmd_erase
33fad82c D __u_boot_cmd_protect
33fad844 D __u_boot_cmd_itest
33fad85c D __u_boot_cmd_fsload
33fad874 D __u_boot_cmd_ls
33fad88c D __u_boot_cmd_fsinfo
33fad8a4 D __u_boot_cmd_chpart
33fad8bc D __u_boot_cmd_mtdparts
33fad8d4 D __u_boot_cmd_loads
33fad8ec D __u_boot_cmd_loadb
33fad904 D __u_boot_cmd_loadx
33fad91c D __u_boot_cmd_loady
33fad934 D __u_boot_cmd_md
33fad94c D __u_boot_cmd_mm
33fad964 D __u_boot_cmd_nm
33fad97c D __u_boot_cmd_mw
33fad994 D __u_boot_cmd_cp
33fad9ac D __u_boot_cmd_cmp
33fad9c4 D __u_boot_cmd_crc32
33fad9dc D __u_boot_cmd_base
33fad9f4 D __u_boot_cmd_loop
33fada0c D __u_boot_cmd_mtest
33fada24 D __u_boot_cmd_sleep
33fada3c D __u_boot_cmd_nand
33fada54 D __u_boot_cmd_nboot
33fada6c D __u_boot_cmd_bootp
33fada84 D __u_boot_cmd_tftpboot
33fada9c D __u_boot_cmd_rarpboot
33fadab4 D __u_boot_cmd_nfs
33fadacc D __u_boot_cmd_ping
33fadae4 D __u_boot_cmd_printenv
33fadafc D __u_boot_cmd_setenv
33fadb14 D __u_boot_cmd_saveenv
33fadb2c D __u_boot_cmd_run
33fadb44 D __u_boot_cmd_usbslave
33fadb5c D __u_boot_cmd_menu
33fadb74 D __u_boot_cmd_version
33fadb8c D __u_boot_cmd_echo
33fadba4 D __u_boot_cmd_help
33fadbbc D __u_boot_cmd_question_mark
33fadbd4 D __u_boot_cmd_suspend
33fadbec A __bss_start
33fadbec A __u_boot_cmd_end
33fadbec b timestamp
33fadbf0 b lastdec
33fadbf4 B timer_load_val
33fadbf8 B intregs
33fadbfc b intCount
33fadc00 B g_TimerIntHappen
33fadc04 B isr_handle_array
33fadccc b mem_malloc_brk
33fadcd0 b mem_malloc_start
33fadcd4 b mem_malloc_end
33fadcd8 B monitor_flash_len
33fadcdc B NetState
33fadce0 b packetHandler
33fadce4 B NetIPID
33fadce8 B NetOurIP
33fadcec B NetOurEther
33fadcf4 B NetPingIP
33fadcf8 B NetTxPacket
33fadcfc B NetArpWaitPacketIP
33fadd00 B NetOurSubnetMask
33fadd04 B NetOurGatewayIP
33fadd08 B NetArpWaitReplyIP
33fadd0c B NetRxPkt
33fadd10 B NetRxPktLen
33fadd14 B NetArpWaitPacketMAC
33fadd18 B NetArpWaitTxPacket
33fadd1c B NetArpWaitTxPacketSize
33fadd20 B NetServerIP
33fadd24 B NetServerEther
33fadd2a b mac.2494
33fadd30 B NetEtherNullAddr
33fadd36 b PingSeqNo
33fadd38 B NetArpWaitTry
33fadd3c B NetArpWaitTimerStart
33fadd40 b timeHandler
33fadd44 b timeStart
33fadd48 b timeDelta
33fadd4c B PktBuf
33fafb6c B NetRxPackets
33fafb7c B NetArpWaitPacketBuf
33fb019c B NetBootFileXferSize
33fb01a0 B NetOurDNSIP
33fb01a4 B NetOurNISDomain
33fb01c4 B NetOurHostName
33fb01e4 B NetOurRootPath
33fb0224 B NetBootFileSize
33fb0226 B BootFile
33fb02a8 b TftpState
33fb02ac b tftp_filename
33fb02b0 b TftpBlock
33fb02b4 b TftpServerPort
33fb02b8 b TftpOurPort
33fb02bc b default_filename
33fb02cc b TftpTimeoutCount
33fb02d0 b TftpBlockWrap
33fb02d4 b TftpBlockWrapOffset
33fb02d8 b TftpLastBlock
33fb02dc B BootpTry
33fb02e0 B BootpID
33fb02e4 B RarpTry
33fb02e8 b rpc_id
33fb02ec b NfsSrvMountPort
33fb02f0 b NfsSrvNfsPort
33fb02f4 b fs_mounted
33fb02f8 b dirfh
33fb0318 b filefh
33fb0338 b NfsServerIP
33fb033c b NfsOurPort
33fb0340 b NfsState
33fb0344 b nfs_path
33fb0348 b nfs_filename
33fb034c b nfs_len
33fb0350 b NfsDownloadState
33fb0354 b nfs_path_buff
33fb0b54 b default_filename
33fb0b94 b NfsTimeoutCount
33fb0b98 B flash_info
33fb15d4 b dm9000_info
33fb1680 b nfloor
33fb1684 B nand_info
33fb17cc b nand_chip
33fb1888 B dbgStrWrPt
33fb188c B dbgStrFifo
33fb288c B dbgStrRdPt
33fb2890 B ep3Buf
33fb28b0 B descDev
33fb28c4 B descConf
33fb28d0 B descIf
33fb28dc B descEndpt0
33fb28e4 B descEndpt1
33fb28ec B ep0State
33fb28f0 B descSetup
33fb28f8 b ep0SubState.2433
33fb28fc B ConfigSet
33fb2900 B Rwuen
33fb2904 B StatusGet
33fb290c B InterfaceGet
33fb2910 B ep0SubState
33fb2914 B AlterSetting
33fb2915 B device_status
33fb2916 B interface_status
33fb2917 B endpoint0_status
33fb2918 B endpoint1_status
33fb2919 B endpoint3_status
33fb291c B gpioregs
33fb2920 B clk_powerregs
33fb2924 B usbdevregs
33fb2928 B dmaregs
33fb292c B isUsbdSetConfiguration
33fb2930 B download_run
33fb2934 B dwUSBBufBase
33fb2938 B dwUSBBufReadPtr
33fb293c B dwUSBBufWritePtr
33fb2940 B bDMAPending
33fb2944 B tempDownloadAddress
33fb2948 B downloadAddress
33fb294c B downPt
33fb2950 B downloadFileSize
33fb2954 B dwWillDMACnt
33fb2958 B totalDmaCount
33fb295c B restart
33fb2960 B err
33fb2964 B menuUsed
33fb2968 B run
33fb296c B checkSum
33fb2970 B dwUSBBufSize
33fb2974 B consoleNum
33fb2978 B transferIndex
33fb297c B ep1Buf
33fb299c B console_buffer
33fb2a9c b lastcommand.1875
33fb2b9c B header
33fb2bdc B devices
33fb2be4 b current_dev
33fb2be8 b current_partnum
33fb2be9 b last_partition
33fb2bf9 b last_parts
33fb2dfc B mtdids
33fb2e04 b initialized.3188
33fb2e08 b last_ids
33fb2e88 b os_data_state
33fb2e8c B os_data_count
33fb2e90 b os_data_addr
33fb2e94 b bin_start_address
33fb2e98 b k_data_escape
33fb2e9c B os_data_init
33fb2ea0 b k_data_escape_saved
33fb2ea4 b os_data_state_saved
33fb2ea8 b os_data_count_saved
33fb2eac b os_data_addr_saved
33fb2eb0 B os_data_char
33fb2eb4 B his_quote
33fb2eb8 B his_pad_count
33fb2ebc B his_pad_char
33fb2ebd B his_eol
33fb2ec0 B send_ptr
33fb2ec4 B send_parms
33fb2ed8 b a_b
33fb2ef0 B os_data_header
33fb2f10 b base_address
33fb2f14 B mm_last_addr
33fb2f18 B mm_last_size
33fb2f1c B dp_last_addr
33fb2f20 B dp_last_size
33fb2f24 B g_dwDownloadLen
33fb2f28 b ctrlc_disabled
33fb2f2c b ctrlc_was_pressed
33fb2f30 B devlist
33fb2f34 B stdio_devices
33fb2f40 b top_pad
33fb2f44 b n_mmaps_max
33fb2f48 b current_mallinfo
33fb2f70 b max_sbrked_mem
33fb2f74 b max_total_mem
33fb2f78 B env_ptr
33fb2f7c b xyz
33fb33b8 B ___strtok
33fb33bc b fixed_mem
33fb444c b fixed_lock
33fb4450 b fixed_built
33fb4454 b fixed_bl
33fb4458 b fixed_tl
33fb445c b fixed_bd
33fb4460 b fixed_td
33fb4464 b params
33fb4468 B super
33fb44b4 b stream
33fb44e8 b current_part
33fb44ec b nand_cache
33fb44f0 b none_oobinfo
33fb45b8 b data_buf
33fb4db8 b oob_buf
33fb4df8 A _end
