Archive member included because of file (symbol)

board/100ask24x0/lib100ask24x0.a(lowlevel_init.o)
                              cpu/arm920t/start.o (lowlevel_init)
cpu/arm920t/libarm920t.a(interrupts.o)
                              cpu/arm920t/start.o (do_fiq)
cpu/arm920t/s3c24x0/libs3c24x0.a(interrupts.o)
                              cpu/arm920t/libarm920t.a(interrupts.o) (reset_cpu)
cpu/arm920t/s3c24x0/libs3c24x0.a(speed.o)
                              cpu/arm920t/s3c24x0/libs3c24x0.a(interrupts.o) (get_PCLK)
lib_arm/libarm.a(_udivsi3.o)  cpu/arm920t/s3c24x0/libs3c24x0.a(interrupts.o) (__udivsi3)
lib_arm/libarm.a(board.o)     cpu/arm920t/s3c24x0/libs3c24x0.a(speed.o) (hang)
lib_arm/libarm.a(div0.o)      lib_arm/libarm.a(_udivsi3.o) (__div0)
net/libnet.a(net.o)           lib_arm/libarm.a(board.o) (copy_filename)
net/libnet.a(tftp.o)          net/libnet.a(net.o) (TftpStart)
net/libnet.a(bootp.o)         net/libnet.a(net.o) (BootpRequest)
net/libnet.a(rarp.o)          net/libnet.a(net.o) (RarpRequest)
net/libnet.a(eth.o)           lib_arm/libarm.a(board.o) (eth_initialize)
net/libnet.a(nfs.o)           net/libnet.a(net.o) (NfsStart)
drivers/libdrivers.a(cfi_flash.o)
                              lib_arm/libarm.a(board.o) (flash_init)
drivers/libdrivers.a(jedec_flash.o)
                              drivers/libdrivers.a(cfi_flash.o) (jedec_flash_match)
drivers/libdrivers.a(dm9000x.o)
                              net/libnet.a(net.o) (eth_halt)
drivers/nand/libnand.a(nand.o)
                              lib_arm/libarm.a(board.o) (nand_init)
drivers/nand/libnand.a(nand_base.o)
                              drivers/nand/libnand.a(nand.o) (nand_scan)
drivers/nand/libnand.a(nand_ids.o)
                              drivers/nand/libnand.a(nand_base.o) (nand_flash_ids)
drivers/nand/libnand.a(nand_ecc.o)
                              drivers/nand/libnand.a(nand_base.o) (nand_calculate_ecc)
drivers/nand/libnand.a(nand_bbt.o)
                              drivers/nand/libnand.a(nand_base.o) (nand_update_bbt)
drivers/usb/libusb.a(usbmain.o)
                              cpu/arm920t/s3c24x0/libs3c24x0.a(interrupts.o) (IsrUsbd)
drivers/usb/libusb.a(usbout.o)
                              cpu/arm920t/s3c24x0/libs3c24x0.a(interrupts.o) (IsrDma2)
drivers/usb/libusb.a(usbsetup.o)
                              drivers/usb/libusb.a(usbmain.o) (InitDescriptorTable)
drivers/usb/libusb.a(usbinit.o)
                              lib_arm/libarm.a(board.o) (Port_Init)
drivers/usb/libusb.a(usbin.o)
                              drivers/usb/libusb.a(usbmain.o) (PrepareEp1Fifo)
drivers/usb/libusb.a(usblib.o)
                              drivers/usb/libusb.a(usbmain.o) (ReconfigUsbd)
common/libcommon.a(main.o)    lib_arm/libarm.a(board.o) (main_loop)
common/libcommon.a(cmd_autoscript.o)
                              (__u_boot_cmd_autoscr)
common/libcommon.a(cmd_bdinfo.o)
                              (__u_boot_cmd_bdinfo)
common/libcommon.a(cmd_boot.o)
                              (__u_boot_cmd_go)
common/libcommon.a(cmd_bootm.o)
                              common/libcommon.a(main.o) (do_bootd)
common/libcommon.a(cmd_cache.o)
                              (__u_boot_cmd_icache)
common/libcommon.a(cmd_console.o)
                              (__u_boot_cmd_coninfo)
common/libcommon.a(cmd_date.o)
                              (__u_boot_cmd_date)
common/libcommon.a(cmd_elf.o)
                              common/libcommon.a(cmd_bootm.o) (do_bootvx)
common/libcommon.a(cmd_flash.o)
                              (__u_boot_cmd_flinfo)
common/libcommon.a(cmd_itest.o)
                              (__u_boot_cmd_itest)
common/libcommon.a(cmd_jffs2.o)
                              common/libcommon.a(cmd_flash.o) (id_parse)
common/libcommon.a(cmd_load.o)
                              (__u_boot_cmd_loads)
common/libcommon.a(cmd_mem.o)
                              common/libcommon.a(cmd_itest.o) (cmd_get_data_size)
common/libcommon.a(cmd_misc.o)
                              (__u_boot_cmd_sleep)
common/libcommon.a(cmd_nand.o)
                              (__u_boot_cmd_nand)
common/libcommon.a(cmd_net.o)
                              (__u_boot_cmd_bootp)
common/libcommon.a(cmd_nvedit.o)
                              lib_arm/libarm.a(board.o) (getenv_r)
common/libcommon.a(cmd_usbslave.o)
                              (__u_boot_cmd_usbslave)
common/libcommon.a(cmd_menu.o)
                              (__u_boot_cmd_menu)
common/libcommon.a(command.o)
                              common/libcommon.a(main.o) (find_cmd)
common/libcommon.a(console.o)
                              cpu/arm920t/libarm920t.a(interrupts.o) (printf)
common/libcommon.a(devices.o)
                              lib_arm/libarm.a(board.o) (devices_init)
common/libcommon.a(dlmalloc.o)
                              drivers/nand/libnand.a(nand_base.o) (free)
common/libcommon.a(env_common.o)
                              common/libcommon.a(cmd_nvedit.o) (env_get_addr)
[...]
Memory Configuration

Name             Origin             Length             Attributes
*default*        0x00000000         0xffffffff

Linker script and memory map

                0x00000000                . = 0x0
                0x00000000                . = ALIGN (0x4)

.text           0x33f80000    0x22450
 cpu/arm920t/start.o(.text)
 .text          0x33f80000      0x560 cpu/arm920t/start.o
                0x33f8005c                IRQ_STACK_START
                0x33f803e0                Launch
                0x33f80048                _bss_start
                0x33f8004c                _bss_end
                0x33f80044                _armboot_start
                0x33f80000                _start
                0x33f80054                FREE_RAM_SIZE
                0x33f80050                FREE_RAM_END
                0x33f80060                FIQ_STACK_START
                0x33f80058                PreLoadedONRAM
 board/100ask24x0/boot_init.o(.text)
 .text          0x33f80560      0x57c board/100ask24x0/boot_init.o
                0x33f807ac                nand_read_ll
                0x33f80a28                clock_init
                0x33f809a0                CopyCode2Ram
                0x33f8071c                nand_init_ll
                0x33f80978                bBootFrmNORFlash
                0x33f80884                nand_read_ll_lp
 *(.text)
 .text          0x33f80adc       0x64 board/100ask24x0/lib100ask24x0.a(lowlevel_init.o)
                0x33f80ae0                lowlevel_init
 .text          0x33f80b40      0x284 cpu/arm920t/libarm920t.a(interrupts.o)
                0x33f80cec                do_fiq
                0x33f80da0                do_undefined_instruction
                0x33f80b6c                show_regs
                0x33f80cc8                do_irq
                0x33f80cac                bad_mode
                0x33f80d58                do_prefetch_abort
                0x33f80b50                disable_interrupts
                0x33f80d10                do_not_used
                0x33f80d34                do_data_abort
                0x33f80d7c                do_software_interrupt
                0x33f80b40                enable_interrupts
 .text          0x33f80dc4      0x4bc cpu/arm920t/s3c24x0/libs3c24x0.a(interrupts.o)
                0x33f80dd8                set_timer
                0x33f80e08                reset_timer
                0x33f81110                Dummy_isr
                0x33f8120c                interrupt_init
                0x33f80f48                get_tbclk
                0x33f80e54                get_timer
                0x33f80de8                reset_timer_masked
                0x33f80e0c                get_timer_masked
                0x33f8102c                Isr_Init
                0x33f80e68                udelay
                0x33f80ec0                udelay_masked
                0x33f80f74                ClearPending
                0x33f80f54                reset_cpu
                0x33f80fdc                IsrWatchdog
                0x33f80f34                get_ticks
                0x33f80f90                Timer_InitEx
                0x33f81138                Timer_StopEx
                0x33f811b0                Timer_StartEx
                0x33f810c0                IRQ_Handle
                0x33f8100c                IsrTimer4
 .text          0x33f81280      0x1f8 cpu/arm920t/s3c24x0/libs3c24x0.a(speed.o)
                0x33f8131c                get_HCLK
                0x33f813c0                get_PCLK
                0x33f81314                get_FCLK
                0x33f8130c                get_UCLK
 .text          0x33f81478       0x98 lib_arm/libarm.a(_udivsi3.o)
                0x33f81478                __udivsi3
 .text          0x33f81510      0x304 lib_arm/libarm.a(board.o)
                0x33f81544                hang
                0x33f81584                display_flash_config
                0x33f81628                start_armboot
                0x33f81510                sbrk
 .text          0x33f81814        0x4 lib_arm/libarm.a(div0.o)
                0x33f81814                __div0
 .text          0x33f81818     0x124c net/libnet.a(net.o)
                0x33f819fc                getenv_IPaddr
                0x33f818c0                NetCksumOk
                0x33f82414                NetSetTimeout
                0x33f818e4                copy_filename
                0x33f81a0c                NetEthHdrSize
                0x33f81ab0                ip_to_string
                0x33f825f8                ArpTimeoutCheck
                0x33f81e10                NetReceive
                0x33f81998                string_to_ip
                0x33f82444                NetSendUDPPacket
                0x33f81af0                print_IPaddr
                0x33f81c14                NetSetEther
                0x33f82688                NetLoop
                0x33f81d24                ArpRequest
                0x33f81a50                VLAN_to_string
                0x33f81988                getenv_VLAN
                0x33f81878                NetCksum
                0x33f81b14                NetSetIP
                0x33f8193c                string_to_VLAN
                0x33f8257c                NetStartAgain
                0x33f81868                NetSetHandler
                0x33f822d8                PingSend
                0x33f81d20                NetSendPacket
 .text          0x33f82a64      0x600 net/libnet.a(tftp.o)
                0x33f82bdc                TftpStart
 .text          0x33f83064      0x620 net/libnet.a(bootp.o)
                0x33f83110                BootpRequest
 .text          0x33f83684      0x1ac net/libnet.a(rarp.o)
                0x33f83684                RarpRequest
 .text          0x33f83830        0x8 net/libnet.a(eth.o)
                0x33f83830                eth_initialize
 .text          0x33f83838      0xe48 net/libnet.a(nfs.o)
                0x33f84040                NfsStart
 .text          0x33f84680     0x1f40 drivers/libdrivers.a(cfi_flash.o)
                0x33f84cac                flash_get_size
                0x33f863b8                flash_erase
                0x33f85314                flash_init
                0x33f861a8                flash_print_info
                0x33f846ac                flash_read64
                0x33f852b8                flash_read_jedec_ids
                0x33f846c0                flash_sector_size
                0x33f85a5c                write_buff
 .text          0x33f865c0      0x228 drivers/libdrivers.a(jedec_flash.o)
                0x33f865c0                jedec_flash_match
                0x33f86788                jedec_flash_probe
 .text          0x33f867e8      0xb88 drivers/libdrivers.a(dm9000x.o)
                0x33f86aa4                eth_halt
                0x33f869f0                read_srom_word
                0x33f86994                write_srom_word
                0x33f86bd4                eth_rx
                0x33f86ddc                eth_init
                0x33f86d0c                eth_send
 .text          0x33f87370       0x88 drivers/nand/libnand.a(nand.o)
                0x33f87370                nand_init
 .text          0x33f873f8     0x2af4 drivers/nand/libnand.a(nand_base.o)
                0x33f89b9c                nand_read_raw
                0x33f87e38                nand_scan
                0x33f87c48                nand_erase_nand
                0x33f8768c                nand_write_calmecc
                0x33f87c0c                nand_release
 .text          0x33f89eec        0x0 drivers/nand/libnand.a(nand_ids.o)
 .text          0x33f89eec      0x2a0 drivers/nand/libnand.a(nand_ecc.o)
                0x33f89ffc                nand_correct_data
                0x33f89eec                nand_calculate_ecc
 .text          0x33f8a18c     0x15d8 drivers/nand/libnand.a(nand_bbt.o)
                0x33f8a244                nand_isbad_bbt
                0x33f8b6a0                nand_default_bbt
                0x33f8abf0                nand_update_bbt
                0x33f8b260                nand_scan_bbt
 .text          0x33f8b764      0x140 drivers/usb/libusb.a(usbmain.o)
                0x33f8b794                DbgPrintf
                0x33f8b890                UsbdMain
                0x33f8b764                _WrDbgStrFifo
                0x33f8b7a0                IsrUsbd
 .text          0x33f8b8a4      0x3e0 drivers/usb/libusb.a(usbout.o)
                0x33f8bac8                Ep3Handler
                0x33f8b8fc                ClearEp3OutPktReady
                0x33f8b924                IsrDma2
 .text          0x33f8bc84      0xc74 drivers/usb/libusb.a(usbsetup.o)
                0x33f8bda8                PrintEp0Pkt
                0x33f8bc84                InitDescriptorTable
                0x33f8bdec                Ep0Handler
 .text          0x33f8c8f8      0x61c drivers/usb/libusb.a(usbinit.o)
                0x33f8ca98                HaltDabort
                0x33f8cac0                HaltSwi
                0x33f8cad4                HaltUndef
                0x33f8cae8                usb_init
                0x33f8cc5c                awaitkey
                0x33f8c8f8                Port_Init
                0x33f8ca2c                Clk1_Enable
                0x33f8c9f8                Clk0_Enable
                0x33f8ca60                Clk0_Disable
                0x33f8caac                HaltPabort
                0x33f8ca7c                Clk1_Disable
                0x33f8cccc                usb_receive
 .text          0x33f8cf14      0x120 drivers/usb/libusb.a(usbin.o)
                0x33f8cf14                PrepareEp1Fifo
                0x33f8cf84                Ep1Handler
 .text          0x33f8d034      0x3a8 drivers/usb/libusb.a(usblib.o)
                0x33f8d1b0                RdPktEp0
                0x33f8d260                RdPktEp3
                0x33f8d2b8                ConfigEp3DmaMode
                0x33f8d18c                ConfigUsbd
                0x33f8d234                WrPktEp2
                0x33f8d384                ConfigEp3IntMode
                0x33f8d28c                RdPktEp4
                0x33f8d1dc                WrPktEp0
                0x33f8d208                WrPktEp1
                0x33f8d034                ReconfigUsbd
 .text          0x33f8d3dc      0x9c0 common/libcommon.a(main.o)
                0x33f8d3dc                run_command
                0x33f8d854                do_run
                0x33f8d9b0                readline
                0x33f8db80                main_loop
 .text          0x33f8dd9c      0x210 common/libcommon.a(cmd_autoscript.o)
                0x33f8df6c                do_autoscript
                0x33f8ddbc                autoscript
 .text          0x33f8dfac       0xe8 common/libcommon.a(cmd_bdinfo.o)
                0x33f8dfc0                do_bdinfo
 .text          0x33f8e094       0x84 common/libcommon.a(cmd_boot.o)
                0x33f8e094                do_go
 .text          0x33f8e118      0xde0 common/libcommon.a(cmd_bootm.o)
                0x33f8e2a8                print_image_hdr
                0x33f8e910                do_bootd
                0x33f8e138                gunzip
                0x33f8e934                do_bootm
                0x33f8e8b0                do_iminfo
 .text          0x33f8eef8      0x144 common/libcommon.a(cmd_cache.o)
                0x33f8ef34                do_dcache
                0x33f8efb8                do_icache
 .text          0x33f8f03c       0xf4 common/libcommon.a(cmd_console.o)
                0x33f8f03c                do_coninfo
 .text          0x33f8f130      0x320 common/libcommon.a(cmd_date.o)
                0x33f8f33c                do_date
                0x33f8f174                mk_date
 .text          0x33f8f450      0x3a4 common/libcommon.a(cmd_elf.o)
                0x33f8f750                do_bootelf
                0x33f8f5cc                do_bootvx
                0x33f8f450                valid_elf_image
                0x33f8f4c4                load_elf_image
 .text          0x33f8f7f4      0xc98 common/libcommon.a(cmd_flash.o)
                0x33f90410                do_flinfo
                0x33f900d8                flash_sect_erase
                0x33f8fd4c                do_protect
                0x33f901b8                do_flerase
                0x33f8f9a4                flash_sect_protect
 .text          0x33f9048c      0x2f0 common/libcommon.a(cmd_itest.o)
                0x33f904f4                binary_test
                0x33f906d4                do_itest
 .text          0x33f9077c     0x2038 common/libcommon.a(cmd_jffs2.o)
                0x33f92484                do_jffs2_chpart
                0x33f91904                mtdparts_init
                0x33f91384                id_parse
                0x33f91468                find_dev_and_part
                0x33f92534                do_jffs2_fsinfo
                0x33f925c0                do_jffs2_ls
                0x33f91f1c                do_jffs2_mtdparts
                0x33f92638                do_jffs2_fsload
 .text          0x33f927b4      0xe74 common/libcommon.a(cmd_load.o)
                0x33f9285c                k_data_init
                0x33f92950                s1_sendpacket
                0x33f9297c                handle_send_packet
                0x33f928a4                k_data_restore
                0x33f92b40                send_nack
                0x33f92e90                do_load_serial_bin
                0x33f928cc                k_data_char
                0x33f927dc                chk1
                0x33f9287c                k_data_save
                0x33f927b4                ktrans
                0x33f92920                send_pad
                0x33f92ba0                send_ack
                0x33f9354c                do_load_serial
 .text          0x33f93628      0xac0 common/libcommon.a(cmd_mem.o)
                0x33f93628                do_mem_base
                0x33f93c9c                do_mem_mw
                0x33f9366c                do_mem_crc
                0x33f93ecc                do_mem_nm
                0x33f93eec                do_mem_mm
                0x33f939c8                do_mem_cp
                0x33f93724                do_mem_mtest
                0x33f93af8                do_mem_cmp
                0x33f9384c                cmd_get_data_size
                0x33f938c4                do_mem_loop
                0x33f93f0c                do_mem_md
 .text          0x33f940e8       0x90 common/libcommon.a(cmd_misc.o)
                0x33f940e8                do_sleep
 .text          0x33f94178     0x1200 common/libcommon.a(cmd_nand.o)
                0x33f944d0                do_nandboot
                0x33f946e4                do_nand
 .text          0x33f95378      0x368 common/libcommon.a(cmd_net.o)
                0x33f956bc                do_rarpb
                0x33f95378                do_ping
                0x33f956c8                do_tftpb
                0x33f956d4                do_bootp
                0x33f956b0                do_nfs
 .text          0x33f956e0      0x870 common/libcommon.a(cmd_nvedit.o)
                0x33f9583c                getenv
                0x33f958b8                _do_setenv
                0x33f95750                getenv_r
                0x33f95dac                do_printenv
                0x33f95d7c                setenv
                0x33f95810                do_saveenv
                0x33f95d3c                do_setenv
 .text          0x33f95f50      0x140 common/libcommon.a(cmd_usbslave.o)
                0x33f95f50                do_usbslave
 .text          0x33f96090      0x564 common/libcommon.a(cmd_menu.o)
                0x33f965e4                do_menu
                0x33f96090                param_menu_usage
                0x33f960ec                main_menu_usage
                0x33f961d4                param_menu_shell
                0x33f96300                menu_shell
 .text          0x33f965f4      0x2d4 common/libcommon.a(command.o)
                0x33f96688                do_echo
                0x33f965f4                find_cmd
                0x33f96704                do_help
                0x33f968a8                do_version
 .text          0x33f968c8      0x590 common/libcommon.a(console.o)
                0x33f96bd4                console_init_r
                0x33f96b90                printf
                0x33f96a68                console_assign
                0x33f96df0                getc
                0x33f96b44                puts
                0x33f96a4c                dbg
                0x33f96d74                serial_printf
                0x33f96994                ftstc
                0x33f96af8                fprintf
                0x33f96dd8                tstc
                0x33f96b60                vprintf
                0x33f96e08                ctrlc
                0x33f96db8                putc
                0x33f96a10                disable_ctrlc
                0x33f9696c                fgetc
                0x33f96a28                had_ctrlc
                0x33f969bc                fputc
                0x33f96a58                console_init_f
                0x33f96a38                clear_ctrlc
                0x33f969e8                fputs
 .text          0x33f96e58       0xec common/libcommon.a(devices.o)
                0x33f96e74                device_register
                0x33f96e58                devices_done
                0x33f96e98                devices_init
 .text          0x33f96f44     0x1044 common/libcommon.a(dlmalloc.o)
                0x33f9732c                malloc
                0x33f97a14                pvalloc
                0x33f97a38                calloc
                0x33f96f7c                malloc_usable_size
                0x33f97b18                realloc
                0x33f9702c                malloc_trim
                0x33f96f44                malloc_bin_reloc
                0x33f96fc0                mallopt
                0x33f97904                memalign
                0x33f97328                cfree
                0x33f97a2c                valloc
                0x33f970f8                free
 .text          0x33f97f88      0x11c common/libcommon.a(env_common.o)
                0x33f97fa8                env_get_addr
                0x33f98014                env_relocate
                0x33f97fe8                env_crc_update
                0x33f97f88                env_get_char_memory
 .text          0x33f980a4      0x1f8 common/libcommon.a(env_nand.o)
                0x33f9821c                env_relocate_spec
                0x33f980cc                saveenv
                0x33f980a4                env_get_char_spec
                0x33f980b0                env_init
 .text          0x33f9829c       0xc4 common/libcommon.a(exports.o)
                0x33f982a8                jumptable_init
                0x33f982a0                get_version
 .text          0x33f98360      0x38c common/libcommon.a(flash.o)
                0x33f98584                flash_write
                0x33f98360                flash_protect
                0x33f9845c                addr2info
                0x33f984a4                flash_perror
 .text          0x33f986ec      0x3f8 common/libcommon.a(lists.o)
                0x33f98a04                DisposeHandle
                0x33f98a24                ListDispose
                0x33f98830                ListInsertItems
                0x33f986f4                ListSetAllocationPolicy
                0x33f9874c                ListGetItemSize
                0x33f98740                ListGetDataPtr
                0x33f98a28                NewHandle
                0x33f987b4                SetHandleSize
                0x33f989fc                ListInsertItem
                0x33f986ec                GetHandleSize
                0x33f98758                ListNumItems
                0x33f98708                ListGetPtrToItem
                0x33f98a84                ListCreate
                0x33f98764                ListGetItems
 .text          0x33f98ae4      0x2e0 common/libcommon.a(s_record.o)
                0x33f98b54                srec_decode
 .text          0x33f98dc4      0x9e4 common/libcommon.a(xyzModem.o)
                0x33f98eec                xyzModem_error
                0x33f98f88                xyzModem_stream_close
                0x33f98fe0                CYGACC_COMM_IF_GETC_TIMEOUT
                0x33f98dc4                parse_num
                0x33f9905c                xyzModem_stream_terminate
                0x33f9964c                xyzModem_stream_open
                0x33f98fd4                CYGACC_COMM_IF_PUTC
                0x33f993c0                xyzModem_stream_read
 .text          0x33f997a8       0xd4 common/libcommon.a(cmd_suspend.o)
                0x33f997a8                do_suspend
 .text          0x33f9987c       0x48 common/libcommon.a(crc16.o)
                0x33f9987c                cyg_crc16
 .text          0x33f998c4      0x220 lib_generic/libgeneric.a(crc32.o)
                0x33f998c4                crc32
                0x33f999d8                crc32_no_comp
 .text          0x33f99ae4        0x0 lib_generic/libgeneric.a(ctype.o)
 .text          0x33f99ae4       0xbc lib_generic/libgeneric.a(display_options.o)
                0x33f99b80                display_options
                0x33f99ae4                print_size
 .text          0x33f99ba0      0x594 lib_generic/libgeneric.a(string.o)
                0x33f99ba0                strcpy
                0x33f9a040                memscan
                0x33f99fa4                memmove
                0x33f99f80                memcpy
                0x33f99ee8                strswab
                0x33f99d88                strnlen
                0x33f99d50                strrchr
                0x33f99be4                strcat
                0x33f9a0d4                memchr
                0x33f9a070                strstr
                0x33f99cb4                strncmp
                0x33f99bbc                strncpy
                0x33f99f54                bcopy
                0x33f99e34                strtok
                0x33f9a000                memcmp
                0x33f99c18                strncat
                0x33f9a104                strdup
                0x33f99f34                memset
                0x33f99c7c                strcmp
                0x33f99eb4                strsep
                0x33f99db0                strspn
                0x33f99d30                strlen
                0x33f99d04                strchr
                0x33f99df4                strpbrk
 .text          0x33f9a134      0x7ec lib_generic/libgeneric.a(vsprintf.o)
                0x33f9a508                vsprintf
                0x33f9a1ec                simple_strtol
                0x33f9a4b8                panic
                0x33f9a8f8                sprintf
                0x33f9a134                simple_strtoul
 .text          0x33f9a920     0x2d40 lib_generic/libgeneric.a(zlib.o)
                0x33f9b9fc                inflate
                0x33f9b490                inflateInit2
                0x33f9b754                inflateIncomp
                0x33f9b5dc                adler32
                0x33f9b330                inflateReset
                0x33f9b390                inflateSync
                0x33f9b5d4                inflateInit
                0x33f9b298                inflateEnd
 .text          0x33f9d660      0x110 board/100ask24x0/lib100ask24x0.a(100ask24x0.o)
                0x33f9d734                dram_init
                0x33f9d660                board_init
                0x33f9d754                board_flash_get_legacy
 .text          0x33f9d770      0x16c cpu/arm920t/libarm920t.a(cpu.o)
                0x33f9d89c                cleanup_before_linux
                0x33f9d850                dcache_enable
                0x33f9d7ac                cpu_init
                0x33f9d804                icache_enable
                0x33f9d8c4                do_reset
                0x33f9d820                icache_disable
                0x33f9d888                dcache_status
                0x33f9d83c                icache_status
                0x33f9d86c                dcache_disable
 *fill*         0x33f9d8dc        0x4 00
 .text          0x33f9d8e0       0xa0 cpu/arm920t/libarm920t.a(suspend.o)
                0x33f9d8e0                s3c2440_cpu_suspend
 .text          0x33f9d980      0x104 cpu/arm920t/s3c24x0/libs3c24x0.a(serial.o)
                0x33f9da24                serial_setbrg
                0x33f9d9e4                serial_tstc
                0x33f9d9ac                serial_putc
                0x33f9da74                serial_init
                0x33f9d9fc                serial_puts
                0x33f9d98c                serial_getc
 .text          0x33f9da84      0x204 cpu/arm920t/s3c24x0/libs3c24x0.a(nand_flash.o)
                0x33f9daec                board_nand_init
 .text          0x33f9dc88       0x1c lib_arm/libarm.a(_ashldi3.o)
                0x33f9dc88                __ashldi3
 .text          0x33f9dca4       0x1c lib_arm/libarm.a(_ashrdi3.o)
                0x33f9dca4                __ashrdi3
 .text          0x33f9dcc0      0x140 lib_arm/libarm.a(_divsi3.o)
                0x33f9dcc0                __divsi3
 .text          0x33f9de00      0x100 lib_arm/libarm.a(_modsi3.o)
                0x33f9de00                __modsi3
 .text          0x33f9df00       0xb4 lib_arm/libarm.a(_umodsi3.o)
                0x33f9df00                __umodsi3
 .text          0x33f9dfb4      0x3e0 lib_arm/libarm.a(armlinux.o)
                0x33f9e0e4                do_bootm_rawLinux
                0x33f9e14c                do_bootm_linux
 .text          0x33f9e394        0x4 lib_arm/libarm.a(cache.o)
                0x33f9e394                flush_cache
 .text          0x33f9e398      0x7d0 fs/cramfs/libcramfs.a(cramfs.o)
                0x33f9e538                cramfs_info
                0x33f9e398                cramfs_check
                0x33f9ea90                cramfs_load
                0x33f9e92c                cramfs_ls
 .text          0x33f9eb68       0xd8 fs/cramfs/libcramfs.a(uncompress.o)
                0x33f9eb68                cramfs_uncompress_exit
                0x33f9ebf4                cramfs_uncompress_block
                0x33f9eb80                cramfs_uncompress_init
 .text          0x33f9ec40     0x19fc fs/jffs2/libjffs2.a(jffs2_1pass.o)
                0x33f9fcdc                jffs2_1pass_load
                0x33f9f668                jffs2_1pass_info
                0x33fa05e8                jffs2_1pass_ls
                0x33f9f190                jffs2_1pass_rescan_needed
                0x33f9ec78                mkmodestr
                0x33f9ee9c                jffs2_free_cache
 .text          0x33fa063c       0xd8 fs/jffs2/libjffs2.a(compr_rtime.o)
                0x33fa063c                rtime_decompress
 .text          0x33fa0714      0x134 fs/jffs2/libjffs2.a(compr_rubin.o)
                0x33fa0808                dynrubin_decompress
                0x33fa0714                rubin_do_decompress
 .text          0x33fa0848       0x18 fs/jffs2/libjffs2.a(compr_zlib.o)
                0x33fa0848                zlib_decompress
 .text          0x33fa0860      0x924 fs/jffs2/libjffs2.a(mini_inflate.o)
                0x33fa0be8                decompress_block
                0x33fa0884                pull_bits
                0x33fa08e0                pull_bit
                0x33fa0860                cramfs_memset
 .text          0x33fa1184      0x290 rtc/librtc.a(date.o)
                0x33fa1184                GregorianDay
                0x33fa1380                mktime
                0x33fa1278                to_tm
 .text          0x33fa1414      0x238 rtc/librtc.a(s3c24x0_rtc.o)
                0x33fa1590                rtc_set
                0x33fa1628                rtc_reset
                0x33fa1490                rtc_get
 .text          0x33fa164c      0xe04 drivers/nand/libnand.a(nand_util.o)
                0x33fa1654                nand_lock
                0x33fa16c4                nand_unlock
                0x33fa17ec                nand_get_lock_status
                0x33fa2100                nand_erase_opts
                0x33fa1878                nand_read_opts
                0x33fa1c14                nand_write_opts

.glue_7         0x33fa2450        0x0
 .glue_7        0x33fa2450        0x0 cpu/arm920t/start.o
 .glue_7        0x33fa2450        0x0 board/100ask24x0/boot_init.o
 .glue_7        0x33fa2450        0x0 board/100ask24x0/lib100ask24x0.a(lowlevel_init.o)
 .glue_7        0x33fa2450        0x0 cpu/arm920t/libarm920t.a(interrupts.o)
 .glue_7        0x33fa2450        0x0 cpu/arm920t/s3c24x0/libs3c24x0.a(interrupts.o)
 .glue_7        0x33fa2450        0x0 cpu/arm920t/s3c24x0/libs3c24x0.a(speed.o)
 .glue_7        0x33fa2450        0x0 lib_arm/libarm.a(_udivsi3.o)
 .glue_7        0x33fa2450        0x0 lib_arm/libarm.a(board.o)
 .glue_7        0x33fa2450        0x0 lib_arm/libarm.a(div0.o)
 .glue_7        0x33fa2450        0x0 net/libnet.a(net.o)
 .glue_7        0x33fa2450        0x0 net/libnet.a(tftp.o)
 .glue_7        0x33fa2450        0x0 net/libnet.a(bootp.o)
 .glue_7        0x33fa2450        0x0 net/libnet.a(rarp.o)
 .glue_7        0x33fa2450        0x0 net/libnet.a(eth.o)
 .glue_7        0x33fa2450        0x0 net/libnet.a(nfs.o)
 .glue_7        0x33fa2450        0x0 drivers/libdrivers.a(cfi_flash.o)
 .glue_7        0x33fa2450        0x0 drivers/libdrivers.a(jedec_flash.o)
 .glue_7        0x33fa2450        0x0 drivers/libdrivers.a(dm9000x.o)
 .glue_7        0x33fa2450        0x0 drivers/nand/libnand.a(nand.o)
 .glue_7        0x33fa2450        0x0 drivers/nand/libnand.a(nand_base.o)
 .glue_7        0x33fa2450        0x0 drivers/nand/libnand.a(nand_ids.o)
 .glue_7        0x33fa2450        0x0 drivers/nand/libnand.a(nand_ecc.o)
 .glue_7        0x33fa2450        0x0 drivers/nand/libnand.a(nand_bbt.o)
 .glue_7        0x33fa2450        0x0 drivers/usb/libusb.a(usbmain.o)
 .glue_7        0x33fa2450        0x0 drivers/usb/libusb.a(usbout.o)
 .glue_7        0x33fa2450        0x0 drivers/usb/libusb.a(usbsetup.o)
 .glue_7        0x33fa2450        0x0 drivers/usb/libusb.a(usbinit.o)
 .glue_7        0x33fa2450        0x0 drivers/usb/libusb.a(usbin.o)
 .glue_7        0x33fa2450        0x0 drivers/usb/libusb.a(usblib.o)
 .glue_7        0x33fa2450        0x0 common/libcommon.a(main.o)
 .glue_7        0x33fa2450        0x0 common/libcommon.a(cmd_autoscript.o)
 .glue_7        0x33fa2450        0x0 common/libcommon.a(cmd_bdinfo.o)
 .glue_7        0x33fa2450        0x0 common/libcommon.a(cmd_boot.o)
 .glue_7        0x33fa2450        0x0 common/libcommon.a(cmd_bootm.o)
 .glue_7        0x33fa2450        0x0 common/libcommon.a(cmd_cache.o)
 .glue_7        0x33fa2450        0x0 common/libcommon.a(cmd_console.o)
 .glue_7        0x33fa2450        0x0 common/libcommon.a(cmd_date.o)
 .glue_7        0x33fa2450        0x0 common/libcommon.a(cmd_elf.o)
 .glue_7        0x33fa2450        0x0 common/libcommon.a(cmd_flash.o)
 .glue_7        0x33fa2450        0x0 common/libcommon.a(cmd_itest.o)
 .glue_7        0x33fa2450        0x0 common/libcommon.a(cmd_jffs2.o)
 .glue_7        0x33fa2450        0x0 common/libcommon.a(cmd_load.o)
 .glue_7        0x33fa2450        0x0 common/libcommon.a(cmd_mem.o)
 .glue_7        0x33fa2450        0x0 common/libcommon.a(cmd_misc.o)
 .glue_7        0x33fa2450        0x0 common/libcommon.a(cmd_nand.o)
 .glue_7        0x33fa2450        0x0 common/libcommon.a(cmd_net.o)
 .glue_7        0x33fa2450        0x0 common/libcommon.a(cmd_nvedit.o)
 .glue_7        0x33fa2450        0x0 common/libcommon.a(cmd_usbslave.o)
 .glue_7        0x33fa2450        0x0 common/libcommon.a(cmd_menu.o)
 .glue_7        0x33fa2450        0x0 common/libcommon.a(command.o)
 .glue_7        0x33fa2450        0x0 common/libcommon.a(console.o)
 .glue_7        0x33fa2450        0x0 common/libcommon.a(devices.o)
 .glue_7        0x33fa2450        0x0 common/libcommon.a(dlmalloc.o)
 .glue_7        0x33fa2450        0x0 common/libcommon.a(env_common.o)
 .glue_7        0x33fa2450        0x0 common/libcommon.a(env_nand.o)
 .glue_7        0x33fa2450        0x0 common/libcommon.a(exports.o)
 .glue_7        0x33fa2450        0x0 common/libcommon.a(flash.o)
 .glue_7        0x33fa2450        0x0 common/libcommon.a(lists.o)
 .glue_7        0x33fa2450        0x0 common/libcommon.a(s_record.o)
 .glue_7        0x33fa2450        0x0 common/libcommon.a(xyzModem.o)
 .glue_7        0x33fa2450        0x0 common/libcommon.a(cmd_suspend.o)
 .glue_7        0x33fa2450        0x0 common/libcommon.a(crc16.o)
 .glue_7        0x33fa2450        0x0 lib_generic/libgeneric.a(crc32.o)
 .glue_7        0x33fa2450        0x0 lib_generic/libgeneric.a(ctype.o)
 .glue_7        0x33fa2450        0x0 lib_generic/libgeneric.a(display_options.o)
 .glue_7        0x33fa2450        0x0 lib_generic/libgeneric.a(string.o)
 .glue_7        0x33fa2450        0x0 lib_generic/libgeneric.a(vsprintf.o)
 .glue_7        0x33fa2450        0x0 lib_generic/libgeneric.a(zlib.o)
 .glue_7        0x33fa2450        0x0 board/100ask24x0/lib100ask24x0.a(100ask24x0.o)
 .glue_7        0x33fa2450        0x0 cpu/arm920t/libarm920t.a(cpu.o)
 .glue_7        0x33fa2450        0x0 cpu/arm920t/libarm920t.a(suspend.o)
 .glue_7        0x33fa2450        0x0 cpu/arm920t/s3c24x0/libs3c24x0.a(serial.o)
 .glue_7        0x33fa2450        0x0 cpu/arm920t/s3c24x0/libs3c24x0.a(nand_flash.o)
 .glue_7        0x33fa2450        0x0 lib_arm/libarm.a(_ashldi3.o)
 .glue_7        0x33fa2450        0x0 lib_arm/libarm.a(_ashrdi3.o)
 .glue_7        0x33fa2450        0x0 lib_arm/libarm.a(_divsi3.o)
 .glue_7        0x33fa2450        0x0 lib_arm/libarm.a(_modsi3.o)
 .glue_7        0x33fa2450        0x0 lib_arm/libarm.a(_umodsi3.o)
 .glue_7        0x33fa2450        0x0 lib_arm/libarm.a(armlinux.o)
 .glue_7        0x33fa2450        0x0 lib_arm/libarm.a(cache.o)
 .glue_7        0x33fa2450        0x0 fs/cramfs/libcramfs.a(cramfs.o)
 .glue_7        0x33fa2450        0x0 fs/cramfs/libcramfs.a(uncompress.o)
 .glue_7        0x33fa2450        0x0 fs/jffs2/libjffs2.a(jffs2_1pass.o)
 .glue_7        0x33fa2450        0x0 fs/jffs2/libjffs2.a(compr_rtime.o)
 .glue_7        0x33fa2450        0x0 fs/jffs2/libjffs2.a(compr_rubin.o)
 .glue_7        0x33fa2450        0x0 fs/jffs2/libjffs2.a(compr_zlib.o)
 .glue_7        0x33fa2450        0x0 fs/jffs2/libjffs2.a(mini_inflate.o)
 .glue_7        0x33fa2450        0x0 rtc/librtc.a(date.o)
 .glue_7        0x33fa2450        0x0 rtc/librtc.a(s3c24x0_rtc.o)
 .glue_7        0x33fa2450        0x0 drivers/nand/libnand.a(nand_util.o)

.glue_7t        0x33fa2450        0x0
 .glue_7t       0x33fa2450        0x0 cpu/arm920t/start.o
 .glue_7t       0x33fa2450        0x0 board/100ask24x0/boot_init.o
 .glue_7t       0x33fa2450        0x0 board/100ask24x0/lib100ask24x0.a(lowlevel_init.o)
 .glue_7t       0x33fa2450        0x0 cpu/arm920t/libarm920t.a(interrupts.o)
 .glue_7t       0x33fa2450        0x0 cpu/arm920t/s3c24x0/libs3c24x0.a(interrupts.o)
 .glue_7t       0x33fa2450        0x0 cpu/arm920t/s3c24x0/libs3c24x0.a(speed.o)
 .glue_7t       0x33fa2450        0x0 lib_arm/libarm.a(_udivsi3.o)
 .glue_7t       0x33fa2450        0x0 lib_arm/libarm.a(board.o)
 .glue_7t       0x33fa2450        0x0 lib_arm/libarm.a(div0.o)
 .glue_7t       0x33fa2450        0x0 net/libnet.a(net.o)
 .glue_7t       0x33fa2450        0x0 net/libnet.a(tftp.o)
 .glue_7t       0x33fa2450        0x0 net/libnet.a(bootp.o)
 .glue_7t       0x33fa2450        0x0 net/libnet.a(rarp.o)
 .glue_7t       0x33fa2450        0x0 net/libnet.a(eth.o)
 .glue_7t       0x33fa2450        0x0 net/libnet.a(nfs.o)
 .glue_7t       0x33fa2450        0x0 drivers/libdrivers.a(cfi_flash.o)
 .glue_7t       0x33fa2450        0x0 drivers/libdrivers.a(jedec_flash.o)
 .glue_7t       0x33fa2450        0x0 drivers/libdrivers.a(dm9000x.o)
 .glue_7t       0x33fa2450        0x0 drivers/nand/libnand.a(nand.o)
 .glue_7t       0x33fa2450        0x0 drivers/nand/libnand.a(nand_base.o)
 .glue_7t       0x33fa2450        0x0 drivers/nand/libnand.a(nand_ids.o)
 .glue_7t       0x33fa2450        0x0 drivers/nand/libnand.a(nand_ecc.o)
 .glue_7t       0x33fa2450        0x0 drivers/nand/libnand.a(nand_bbt.o)
 .glue_7t       0x33fa2450        0x0 drivers/usb/libusb.a(usbmain.o)
 .glue_7t       0x33fa2450        0x0 drivers/usb/libusb.a(usbout.o)
 .glue_7t       0x33fa2450        0x0 drivers/usb/libusb.a(usbsetup.o)
 .glue_7t       0x33fa2450        0x0 drivers/usb/libusb.a(usbinit.o)
 .glue_7t       0x33fa2450        0x0 drivers/usb/libusb.a(usbin.o)
 .glue_7t       0x33fa2450        0x0 drivers/usb/libusb.a(usblib.o)
 .glue_7t       0x33fa2450        0x0 common/libcommon.a(main.o)
 .glue_7t       0x33fa2450        0x0 common/libcommon.a(cmd_autoscript.o)
 .glue_7t       0x33fa2450        0x0 common/libcommon.a(cmd_bdinfo.o)
 .glue_7t       0x33fa2450        0x0 common/libcommon.a(cmd_boot.o)
 .glue_7t       0x33fa2450        0x0 common/libcommon.a(cmd_bootm.o)
 .glue_7t       0x33fa2450        0x0 common/libcommon.a(cmd_cache.o)
 .glue_7t       0x33fa2450        0x0 common/libcommon.a(cmd_console.o)
 .glue_7t       0x33fa2450        0x0 common/libcommon.a(cmd_date.o)
 .glue_7t       0x33fa2450        0x0 common/libcommon.a(cmd_elf.o)
 .glue_7t       0x33fa2450        0x0 common/libcommon.a(cmd_flash.o)
 .glue_7t       0x33fa2450        0x0 common/libcommon.a(cmd_itest.o)
 .glue_7t       0x33fa2450        0x0 common/libcommon.a(cmd_jffs2.o)
 .glue_7t       0x33fa2450        0x0 common/libcommon.a(cmd_load.o)
 .glue_7t       0x33fa2450        0x0 common/libcommon.a(cmd_mem.o)
 .glue_7t       0x33fa2450        0x0 common/libcommon.a(cmd_misc.o)
 .glue_7t       0x33fa2450        0x0 common/libcommon.a(cmd_nand.o)
 .glue_7t       0x33fa2450        0x0 common/libcommon.a(cmd_net.o)
 .glue_7t       0x33fa2450        0x0 common/libcommon.a(cmd_nvedit.o)
 .glue_7t       0x33fa2450        0x0 common/libcommon.a(cmd_usbslave.o)
 .glue_7t       0x33fa2450        0x0 common/libcommon.a(cmd_menu.o)
 .glue_7t       0x33fa2450        0x0 common/libcommon.a(command.o)
 .glue_7t       0x33fa2450        0x0 common/libcommon.a(console.o)
 .glue_7t       0x33fa2450        0x0 common/libcommon.a(devices.o)
 .glue_7t       0x33fa2450        0x0 common/libcommon.a(dlmalloc.o)
 .glue_7t       0x33fa2450        0x0 common/libcommon.a(env_common.o)
 .glue_7t       0x33fa2450        0x0 common/libcommon.a(env_nand.o)
 .glue_7t       0x33fa2450        0x0 common/libcommon.a(exports.o)
 .glue_7t       0x33fa2450        0x0 common/libcommon.a(flash.o)
 .glue_7t       0x33fa2450        0x0 common/libcommon.a(lists.o)
 .glue_7t       0x33fa2450        0x0 common/libcommon.a(s_record.o)
 .glue_7t       0x33fa2450        0x0 common/libcommon.a(xyzModem.o)
 .glue_7t       0x33fa2450        0x0 common/libcommon.a(cmd_suspend.o)
 .glue_7t       0x33fa2450        0x0 common/libcommon.a(crc16.o)
 .glue_7t       0x33fa2450        0x0 lib_generic/libgeneric.a(crc32.o)
 .glue_7t       0x33fa2450        0x0 lib_generic/libgeneric.a(ctype.o)
 .glue_7t       0x33fa2450        0x0 lib_generic/libgeneric.a(display_options.o)
 .glue_7t       0x33fa2450        0x0 lib_generic/libgeneric.a(string.o)
 .glue_7t       0x33fa2450        0x0 lib_generic/libgeneric.a(vsprintf.o)
 .glue_7t       0x33fa2450        0x0 lib_generic/libgeneric.a(zlib.o)
 .glue_7t       0x33fa2450        0x0 board/100ask24x0/lib100ask24x0.a(100ask24x0.o)
 .glue_7t       0x33fa2450        0x0 cpu/arm920t/libarm920t.a(cpu.o)
 .glue_7t       0x33fa2450        0x0 cpu/arm920t/libarm920t.a(suspend.o)
 .glue_7t       0x33fa2450        0x0 cpu/arm920t/s3c24x0/libs3c24x0.a(serial.o)
 .glue_7t       0x33fa2450        0x0 cpu/arm920t/s3c24x0/libs3c24x0.a(nand_flash.o)
 .glue_7t       0x33fa2450        0x0 lib_arm/libarm.a(_ashldi3.o)
 .glue_7t       0x33fa2450        0x0 lib_arm/libarm.a(_ashrdi3.o)
 .glue_7t       0x33fa2450        0x0 lib_arm/libarm.a(_divsi3.o)
 .glue_7t       0x33fa2450        0x0 lib_arm/libarm.a(_modsi3.o)
 .glue_7t       0x33fa2450        0x0 lib_arm/libarm.a(_umodsi3.o)
 .glue_7t       0x33fa2450        0x0 lib_arm/libarm.a(armlinux.o)
 .glue_7t       0x33fa2450        0x0 lib_arm/libarm.a(cache.o)
 .glue_7t       0x33fa2450        0x0 fs/cramfs/libcramfs.a(cramfs.o)
 .glue_7t       0x33fa2450        0x0 fs/cramfs/libcramfs.a(uncompress.o)
 .glue_7t       0x33fa2450        0x0 fs/jffs2/libjffs2.a(jffs2_1pass.o)
 .glue_7t       0x33fa2450        0x0 fs/jffs2/libjffs2.a(compr_rtime.o)
 .glue_7t       0x33fa2450        0x0 fs/jffs2/libjffs2.a(compr_rubin.o)
 .glue_7t       0x33fa2450        0x0 fs/jffs2/libjffs2.a(compr_zlib.o)
 .glue_7t       0x33fa2450        0x0 fs/jffs2/libjffs2.a(mini_inflate.o)
 .glue_7t       0x33fa2450        0x0 rtc/librtc.a(date.o)
 .glue_7t       0x33fa2450        0x0 rtc/librtc.a(s3c24x0_rtc.o)
 .glue_7t       0x33fa2450        0x0 drivers/nand/libnand.a(nand_util.o)

.vfp11_veneer   0x33fa2450        0x0
 .vfp11_veneer  0x33fa2450        0x0 cpu/arm920t/start.o
 .vfp11_veneer  0x33fa2450        0x0 board/100ask24x0/boot_init.o
 .vfp11_veneer  0x33fa2450        0x0 board/100ask24x0/lib100ask24x0.a(lowlevel_init.o)
 .vfp11_veneer  0x33fa2450        0x0 cpu/arm920t/libarm920t.a(interrupts.o)
 .vfp11_veneer  0x33fa2450        0x0 cpu/arm920t/s3c24x0/libs3c24x0.a(interrupts.o)
 .vfp11_veneer  0x33fa2450        0x0 cpu/arm920t/s3c24x0/libs3c24x0.a(speed.o)
 .vfp11_veneer  0x33fa2450        0x0 lib_arm/libarm.a(_udivsi3.o)
 .vfp11_veneer  0x33fa2450        0x0 lib_arm/libarm.a(board.o)
 .vfp11_veneer  0x33fa2450        0x0 lib_arm/libarm.a(div0.o)
 .vfp11_veneer  0x33fa2450        0x0 net/libnet.a(net.o)
 .vfp11_veneer  0x33fa2450        0x0 net/libnet.a(tftp.o)
 .vfp11_veneer  0x33fa2450        0x0 net/libnet.a(bootp.o)
 .vfp11_veneer  0x33fa2450        0x0 net/libnet.a(rarp.o)
 .vfp11_veneer  0x33fa2450        0x0 net/libnet.a(eth.o)
 .vfp11_veneer  0x33fa2450        0x0 net/libnet.a(nfs.o)
 .vfp11_veneer  0x33fa2450        0x0 drivers/libdrivers.a(cfi_flash.o)
 .vfp11_veneer  0x33fa2450        0x0 drivers/libdrivers.a(jedec_flash.o)
 .vfp11_veneer  0x33fa2450        0x0 drivers/libdrivers.a(dm9000x.o)
 .vfp11_veneer  0x33fa2450        0x0 drivers/nand/libnand.a(nand.o)
 .vfp11_veneer  0x33fa2450        0x0 drivers/nand/libnand.a(nand_base.o)
 .vfp11_veneer  0x33fa2450        0x0 drivers/nand/libnand.a(nand_ids.o)
 .vfp11_veneer  0x33fa2450        0x0 drivers/nand/libnand.a(nand_ecc.o)
 .vfp11_veneer  0x33fa2450        0x0 drivers/nand/libnand.a(nand_bbt.o)
 .vfp11_veneer  0x33fa2450        0x0 drivers/usb/libusb.a(usbmain.o)
 .vfp11_veneer  0x33fa2450        0x0 drivers/usb/libusb.a(usbout.o)
 .vfp11_veneer  0x33fa2450        0x0 drivers/usb/libusb.a(usbsetup.o)
 .vfp11_veneer  0x33fa2450        0x0 drivers/usb/libusb.a(usbinit.o)
 .vfp11_veneer  0x33fa2450        0x0 drivers/usb/libusb.a(usbin.o)
 .vfp11_veneer  0x33fa2450        0x0 drivers/usb/libusb.a(usblib.o)
 .vfp11_veneer  0x33fa2450        0x0 common/libcommon.a(main.o)
 .vfp11_veneer  0x33fa2450        0x0 common/libcommon.a(cmd_autoscript.o)
 .vfp11_veneer  0x33fa2450        0x0 common/libcommon.a(cmd_bdinfo.o)
 .vfp11_veneer  0x33fa2450        0x0 common/libcommon.a(cmd_boot.o)
 .vfp11_veneer  0x33fa2450        0x0 common/libcommon.a(cmd_bootm.o)
 .vfp11_veneer  0x33fa2450        0x0 common/libcommon.a(cmd_cache.o)
 .vfp11_veneer  0x33fa2450        0x0 common/libcommon.a(cmd_console.o)
 .vfp11_veneer  0x33fa2450        0x0 common/libcommon.a(cmd_date.o)
 .vfp11_veneer  0x33fa2450        0x0 common/libcommon.a(cmd_elf.o)
 .vfp11_veneer  0x33fa2450        0x0 common/libcommon.a(cmd_flash.o)
 .vfp11_veneer  0x33fa2450        0x0 common/libcommon.a(cmd_itest.o)
 .vfp11_veneer  0x33fa2450        0x0 common/libcommon.a(cmd_jffs2.o)
 .vfp11_veneer  0x33fa2450        0x0 common/libcommon.a(cmd_load.o)
 .vfp11_veneer  0x33fa2450        0x0 common/libcommon.a(cmd_mem.o)
 .vfp11_veneer  0x33fa2450        0x0 common/libcommon.a(cmd_misc.o)
 .vfp11_veneer  0x33fa2450        0x0 common/libcommon.a(cmd_nand.o)
 .vfp11_veneer  0x33fa2450        0x0 common/libcommon.a(cmd_net.o)
 .vfp11_veneer  0x33fa2450        0x0 common/libcommon.a(cmd_nvedit.o)
 .vfp11_veneer  0x33fa2450        0x0 common/libcommon.a(cmd_usbslave.o)
 .vfp11_veneer  0x33fa2450        0x0 common/libcommon.a(cmd_menu.o)
 .vfp11_veneer  0x33fa2450        0x0 common/libcommon.a(command.o)
 .vfp11_veneer  0x33fa2450        0x0 common/libcommon.a(console.o)
 .vfp11_veneer  0x33fa2450        0x0 common/libcommon.a(devices.o)
 .vfp11_veneer  0x33fa2450        0x0 common/libcommon.a(dlmalloc.o)
 .vfp11_veneer  0x33fa2450        0x0 common/libcommon.a(env_common.o)
 .vfp11_veneer  0x33fa2450        0x0 common/libcommon.a(env_nand.o)
 .vfp11_veneer  0x33fa2450        0x0 common/libcommon.a(exports.o)
 .vfp11_veneer  0x33fa2450        0x0 common/libcommon.a(flash.o)
 .vfp11_veneer  0x33fa2450        0x0 common/libcommon.a(lists.o)
 .vfp11_veneer  0x33fa2450        0x0 common/libcommon.a(s_record.o)
 .vfp11_veneer  0x33fa2450        0x0 common/libcommon.a(xyzModem.o)
 .vfp11_veneer  0x33fa2450        0x0 common/libcommon.a(cmd_suspend.o)
 .vfp11_veneer  0x33fa2450        0x0 common/libcommon.a(crc16.o)
 .vfp11_veneer  0x33fa2450        0x0 lib_generic/libgeneric.a(crc32.o)
 .vfp11_veneer  0x33fa2450        0x0 lib_generic/libgeneric.a(ctype.o)
 .vfp11_veneer  0x33fa2450        0x0 lib_generic/libgeneric.a(display_options.o)
 .vfp11_veneer  0x33fa2450        0x0 lib_generic/libgeneric.a(string.o)
 .vfp11_veneer  0x33fa2450        0x0 lib_generic/libgeneric.a(vsprintf.o)
 .vfp11_veneer  0x33fa2450        0x0 lib_generic/libgeneric.a(zlib.o)
 .vfp11_veneer  0x33fa2450        0x0 board/100ask24x0/lib100ask24x0.a(100ask24x0.o)
 .vfp11_veneer  0x33fa2450        0x0 cpu/arm920t/libarm920t.a(cpu.o)
 .vfp11_veneer  0x33fa2450        0x0 cpu/arm920t/libarm920t.a(suspend.o)
 .vfp11_veneer  0x33fa2450        0x0 cpu/arm920t/s3c24x0/libs3c24x0.a(serial.o)
 .vfp11_veneer  0x33fa2450        0x0 cpu/arm920t/s3c24x0/libs3c24x0.a(nand_flash.o)
 .vfp11_veneer  0x33fa2450        0x0 lib_arm/libarm.a(_ashldi3.o)
 .vfp11_veneer  0x33fa2450        0x0 lib_arm/libarm.a(_ashrdi3.o)
 .vfp11_veneer  0x33fa2450        0x0 lib_arm/libarm.a(_divsi3.o)
 .vfp11_veneer  0x33fa2450        0x0 lib_arm/libarm.a(_modsi3.o)
 .vfp11_veneer  0x33fa2450        0x0 lib_arm/libarm.a(_umodsi3.o)
 .vfp11_veneer  0x33fa2450        0x0 lib_arm/libarm.a(armlinux.o)
 .vfp11_veneer  0x33fa2450        0x0 lib_arm/libarm.a(cache.o)
 .vfp11_veneer  0x33fa2450        0x0 fs/cramfs/libcramfs.a(cramfs.o)
 .vfp11_veneer  0x33fa2450        0x0 fs/cramfs/libcramfs.a(uncompress.o)
 .vfp11_veneer  0x33fa2450        0x0 fs/jffs2/libjffs2.a(jffs2_1pass.o)
 .vfp11_veneer  0x33fa2450        0x0 fs/jffs2/libjffs2.a(compr_rtime.o)
 .vfp11_veneer  0x33fa2450        0x0 fs/jffs2/libjffs2.a(compr_rubin.o)
 .vfp11_veneer  0x33fa2450        0x0 fs/jffs2/libjffs2.a(compr_zlib.o)
 .vfp11_veneer  0x33fa2450        0x0 fs/jffs2/libjffs2.a(mini_inflate.o)
 .vfp11_veneer  0x33fa2450        0x0 rtc/librtc.a(date.o)
 .vfp11_veneer  0x33fa2450        0x0 rtc/librtc.a(s3c24x0_rtc.o)
 .vfp11_veneer  0x33fa2450        0x0 drivers/nand/libnand.a(nand_util.o)

.janus_2cc_veneer
                0x33fa2450        0x0
 .janus_2cc_veneer
                0x33fa2450        0x0 cpu/arm920t/start.o
 .janus_2cc_veneer
                0x33fa2450        0x0 board/100ask24x0/boot_init.o
 .janus_2cc_veneer
                0x33fa2450        0x0 board/100ask24x0/lib100ask24x0.a(lowlevel_init.o)
 .janus_2cc_veneer
                0x33fa2450        0x0 cpu/arm920t/libarm920t.a(interrupts.o)
 .janus_2cc_veneer
                0x33fa2450        0x0 cpu/arm920t/s3c24x0/libs3c24x0.a(interrupts.o)
 .janus_2cc_veneer
                0x33fa2450        0x0 cpu/arm920t/s3c24x0/libs3c24x0.a(speed.o)
 .janus_2cc_veneer
                0x33fa2450        0x0 lib_arm/libarm.a(_udivsi3.o)
 .janus_2cc_veneer
                0x33fa2450        0x0 lib_arm/libarm.a(board.o)
 .janus_2cc_veneer
                0x33fa2450        0x0 lib_arm/libarm.a(div0.o)
 .janus_2cc_veneer
                0x33fa2450        0x0 net/libnet.a(net.o)
 .janus_2cc_veneer
                0x33fa2450        0x0 net/libnet.a(tftp.o)
 .janus_2cc_veneer
                0x33fa2450        0x0 net/libnet.a(bootp.o)
 .janus_2cc_veneer
                0x33fa2450        0x0 net/libnet.a(rarp.o)
 .janus_2cc_veneer
                0x33fa2450        0x0 net/libnet.a(eth.o)
 .janus_2cc_veneer
                0x33fa2450        0x0 net/libnet.a(nfs.o)
 .janus_2cc_veneer
                0x33fa2450        0x0 drivers/libdrivers.a(cfi_flash.o)
 .janus_2cc_veneer
                0x33fa2450        0x0 drivers/libdrivers.a(jedec_flash.o)
 .janus_2cc_veneer
                0x33fa2450        0x0 drivers/libdrivers.a(dm9000x.o)
 .janus_2cc_veneer
                0x33fa2450        0x0 drivers/nand/libnand.a(nand.o)
 .janus_2cc_veneer
                0x33fa2450        0x0 drivers/nand/libnand.a(nand_base.o)
 .janus_2cc_veneer
                0x33fa2450        0x0 drivers/nand/libnand.a(nand_ids.o)
 .janus_2cc_veneer
                0x33fa2450        0x0 drivers/nand/libnand.a(nand_ecc.o)
 .janus_2cc_veneer
                0x33fa2450        0x0 drivers/nand/libnand.a(nand_bbt.o)
 .janus_2cc_veneer
                0x33fa2450        0x0 drivers/usb/libusb.a(usbmain.o)
 .janus_2cc_veneer
                0x33fa2450        0x0 drivers/usb/libusb.a(usbout.o)
 .janus_2cc_veneer
                0x33fa2450        0x0 drivers/usb/libusb.a(usbsetup.o)
 .janus_2cc_veneer
                0x33fa2450        0x0 drivers/usb/libusb.a(usbinit.o)
 .janus_2cc_veneer
                0x33fa2450        0x0 drivers/usb/libusb.a(usbin.o)
 .janus_2cc_veneer
                0x33fa2450        0x0 drivers/usb/libusb.a(usblib.o)
 .janus_2cc_veneer
                0x33fa2450        0x0 common/libcommon.a(main.o)
 .janus_2cc_veneer
                0x33fa2450        0x0 common/libcommon.a(cmd_autoscript.o)
 .janus_2cc_veneer
                0x33fa2450        0x0 common/libcommon.a(cmd_bdinfo.o)
 .janus_2cc_veneer
                0x33fa2450        0x0 common/libcommon.a(cmd_boot.o)
 .janus_2cc_veneer
                0x33fa2450        0x0 common/libcommon.a(cmd_bootm.o)
 .janus_2cc_veneer
                0x33fa2450        0x0 common/libcommon.a(cmd_cache.o)
 .janus_2cc_veneer
                0x33fa2450        0x0 common/libcommon.a(cmd_console.o)
 .janus_2cc_veneer
                0x33fa2450        0x0 common/libcommon.a(cmd_date.o)
 .janus_2cc_veneer
                0x33fa2450        0x0 common/libcommon.a(cmd_elf.o)
 .janus_2cc_veneer
                0x33fa2450        0x0 common/libcommon.a(cmd_flash.o)
 .janus_2cc_veneer
                0x33fa2450        0x0 common/libcommon.a(cmd_itest.o)
 .janus_2cc_veneer
                0x33fa2450        0x0 common/libcommon.a(cmd_jffs2.o)
 .janus_2cc_veneer
                0x33fa2450        0x0 common/libcommon.a(cmd_load.o)
 .janus_2cc_veneer
                0x33fa2450        0x0 common/libcommon.a(cmd_mem.o)
 .janus_2cc_veneer
                0x33fa2450        0x0 common/libcommon.a(cmd_misc.o)
 .janus_2cc_veneer
                0x33fa2450        0x0 common/libcommon.a(cmd_nand.o)
 .janus_2cc_veneer
                0x33fa2450        0x0 common/libcommon.a(cmd_net.o)
 .janus_2cc_veneer
                0x33fa2450        0x0 common/libcommon.a(cmd_nvedit.o)
 .janus_2cc_veneer
                0x33fa2450        0x0 common/libcommon.a(cmd_usbslave.o)
 .janus_2cc_veneer
                0x33fa2450        0x0 common/libcommon.a(cmd_menu.o)
 .janus_2cc_veneer
                0x33fa2450        0x0 common/libcommon.a(command.o)
 .janus_2cc_veneer
                0x33fa2450        0x0 common/libcommon.a(console.o)
 .janus_2cc_veneer
                0x33fa2450        0x0 common/libcommon.a(devices.o)
 .janus_2cc_veneer
                0x33fa2450        0x0 common/libcommon.a(dlmalloc.o)
 .janus_2cc_veneer
                0x33fa2450        0x0 common/libcommon.a(env_common.o)
 .janus_2cc_veneer
                0x33fa2450        0x0 common/libcommon.a(env_nand.o)
 .janus_2cc_veneer
                0x33fa2450        0x0 common/libcommon.a(exports.o)
 .janus_2cc_veneer
                0x33fa2450        0x0 common/libcommon.a(flash.o)
 .janus_2cc_veneer
                0x33fa2450        0x0 common/libcommon.a(lists.o)
 .janus_2cc_veneer
                0x33fa2450        0x0 common/libcommon.a(s_record.o)
 .janus_2cc_veneer
                0x33fa2450        0x0 common/libcommon.a(xyzModem.o)
 .janus_2cc_veneer
                0x33fa2450        0x0 common/libcommon.a(cmd_suspend.o)
 .janus_2cc_veneer
                0x33fa2450        0x0 common/libcommon.a(crc16.o)
 .janus_2cc_veneer
                0x33fa2450        0x0 lib_generic/libgeneric.a(crc32.o)
 .janus_2cc_veneer
                0x33fa2450        0x0 lib_generic/libgeneric.a(ctype.o)
 .janus_2cc_veneer
                0x33fa2450        0x0 lib_generic/libgeneric.a(display_options.o)
 .janus_2cc_veneer
                0x33fa2450        0x0 lib_generic/libgeneric.a(string.o)
 .janus_2cc_veneer
                0x33fa2450        0x0 lib_generic/libgeneric.a(vsprintf.o)
 .janus_2cc_veneer
                0x33fa2450        0x0 lib_generic/libgeneric.a(zlib.o)
 .janus_2cc_veneer
                0x33fa2450        0x0 board/100ask24x0/lib100ask24x0.a(100ask24x0.o)
 .janus_2cc_veneer
                0x33fa2450        0x0 cpu/arm920t/libarm920t.a(cpu.o)
 .janus_2cc_veneer
                0x33fa2450        0x0 cpu/arm920t/libarm920t.a(suspend.o)
 .janus_2cc_veneer
                0x33fa2450        0x0 cpu/arm920t/s3c24x0/libs3c24x0.a(serial.o)
 .janus_2cc_veneer
                0x33fa2450        0x0 cpu/arm920t/s3c24x0/libs3c24x0.a(nand_flash.o)
 .janus_2cc_veneer
                0x33fa2450        0x0 lib_arm/libarm.a(_ashldi3.o)
 .janus_2cc_veneer
                0x33fa2450        0x0 lib_arm/libarm.a(_ashrdi3.o)
 .janus_2cc_veneer
                0x33fa2450        0x0 lib_arm/libarm.a(_divsi3.o)
 .janus_2cc_veneer
                0x33fa2450        0x0 lib_arm/libarm.a(_modsi3.o)
 .janus_2cc_veneer
                0x33fa2450        0x0 lib_arm/libarm.a(_umodsi3.o)
 .janus_2cc_veneer
                0x33fa2450        0x0 lib_arm/libarm.a(armlinux.o)
 .janus_2cc_veneer
                0x33fa2450        0x0 lib_arm/libarm.a(cache.o)
 .janus_2cc_veneer
                0x33fa2450        0x0 fs/cramfs/libcramfs.a(cramfs.o)
 .janus_2cc_veneer
                0x33fa2450        0x0 fs/cramfs/libcramfs.a(uncompress.o)
 .janus_2cc_veneer
                0x33fa2450        0x0 fs/jffs2/libjffs2.a(jffs2_1pass.o)
 .janus_2cc_veneer
                0x33fa2450        0x0 fs/jffs2/libjffs2.a(compr_rtime.o)
 .janus_2cc_veneer
                0x33fa2450        0x0 fs/jffs2/libjffs2.a(compr_rubin.o)
 .janus_2cc_veneer
                0x33fa2450        0x0 fs/jffs2/libjffs2.a(compr_zlib.o)
 .janus_2cc_veneer
                0x33fa2450        0x0 fs/jffs2/libjffs2.a(mini_inflate.o)
 .janus_2cc_veneer
                0x33fa2450        0x0 rtc/librtc.a(date.o)
 .janus_2cc_veneer
                0x33fa2450        0x0 rtc/librtc.a(s3c24x0_rtc.o)
 .janus_2cc_veneer
                0x33fa2450        0x0 drivers/nand/libnand.a(nand_util.o)

.v4_bx          0x33fa2450        0x0
 .v4_bx         0x33fa2450        0x0 cpu/arm920t/start.o
 .v4_bx         0x33fa2450        0x0 board/100ask24x0/boot_init.o
 .v4_bx         0x33fa2450        0x0 board/100ask24x0/lib100ask24x0.a(lowlevel_init.o)
 .v4_bx         0x33fa2450        0x0 cpu/arm920t/libarm920t.a(interrupts.o)
 .v4_bx         0x33fa2450        0x0 cpu/arm920t/s3c24x0/libs3c24x0.a(interrupts.o)
 .v4_bx         0x33fa2450        0x0 cpu/arm920t/s3c24x0/libs3c24x0.a(speed.o)
 .v4_bx         0x33fa2450        0x0 lib_arm/libarm.a(_udivsi3.o)
 .v4_bx         0x33fa2450        0x0 lib_arm/libarm.a(board.o)
 .v4_bx         0x33fa2450        0x0 lib_arm/libarm.a(div0.o)
 .v4_bx         0x33fa2450        0x0 net/libnet.a(net.o)
 .v4_bx         0x33fa2450        0x0 net/libnet.a(tftp.o)
 .v4_bx         0x33fa2450        0x0 net/libnet.a(bootp.o)
 .v4_bx         0x33fa2450        0x0 net/libnet.a(rarp.o)
 .v4_bx         0x33fa2450        0x0 net/libnet.a(eth.o)
 .v4_bx         0x33fa2450        0x0 net/libnet.a(nfs.o)
 .v4_bx         0x33fa2450        0x0 drivers/libdrivers.a(cfi_flash.o)
 .v4_bx         0x33fa2450        0x0 drivers/libdrivers.a(jedec_flash.o)
 .v4_bx         0x33fa2450        0x0 drivers/libdrivers.a(dm9000x.o)
 .v4_bx         0x33fa2450        0x0 drivers/nand/libnand.a(nand.o)
 .v4_bx         0x33fa2450        0x0 drivers/nand/libnand.a(nand_base.o)
 .v4_bx         0x33fa2450        0x0 drivers/nand/libnand.a(nand_ids.o)
 .v4_bx         0x33fa2450        0x0 drivers/nand/libnand.a(nand_ecc.o)
 .v4_bx         0x33fa2450        0x0 drivers/nand/libnand.a(nand_bbt.o)
 .v4_bx         0x33fa2450        0x0 drivers/usb/libusb.a(usbmain.o)
 .v4_bx         0x33fa2450        0x0 drivers/usb/libusb.a(usbout.o)
 .v4_bx         0x33fa2450        0x0 drivers/usb/libusb.a(usbsetup.o)
 .v4_bx         0x33fa2450        0x0 drivers/usb/libusb.a(usbinit.o)
 .v4_bx         0x33fa2450        0x0 drivers/usb/libusb.a(usbin.o)
 .v4_bx         0x33fa2450        0x0 drivers/usb/libusb.a(usblib.o)
 .v4_bx         0x33fa2450        0x0 common/libcommon.a(main.o)
 .v4_bx         0x33fa2450        0x0 common/libcommon.a(cmd_autoscript.o)
 .v4_bx         0x33fa2450        0x0 common/libcommon.a(cmd_bdinfo.o)
 .v4_bx         0x33fa2450        0x0 common/libcommon.a(cmd_boot.o)
 .v4_bx         0x33fa2450        0x0 common/libcommon.a(cmd_bootm.o)
 .v4_bx         0x33fa2450        0x0 common/libcommon.a(cmd_cache.o)
 .v4_bx         0x33fa2450        0x0 common/libcommon.a(cmd_console.o)
 .v4_bx         0x33fa2450        0x0 common/libcommon.a(cmd_date.o)
 .v4_bx         0x33fa2450        0x0 common/libcommon.a(cmd_elf.o)
 .v4_bx         0x33fa2450        0x0 common/libcommon.a(cmd_flash.o)
 .v4_bx         0x33fa2450        0x0 common/libcommon.a(cmd_itest.o)
 .v4_bx         0x33fa2450        0x0 common/libcommon.a(cmd_jffs2.o)
 .v4_bx         0x33fa2450        0x0 common/libcommon.a(cmd_load.o)
 .v4_bx         0x33fa2450        0x0 common/libcommon.a(cmd_mem.o)
 .v4_bx         0x33fa2450        0x0 common/libcommon.a(cmd_misc.o)
 .v4_bx         0x33fa2450        0x0 common/libcommon.a(cmd_nand.o)
 .v4_bx         0x33fa2450        0x0 common/libcommon.a(cmd_net.o)
 .v4_bx         0x33fa2450        0x0 common/libcommon.a(cmd_nvedit.o)
 .v4_bx         0x33fa2450        0x0 common/libcommon.a(cmd_usbslave.o)
 .v4_bx         0x33fa2450        0x0 common/libcommon.a(cmd_menu.o)
 .v4_bx         0x33fa2450        0x0 common/libcommon.a(command.o)
 .v4_bx         0x33fa2450        0x0 common/libcommon.a(console.o)
 .v4_bx         0x33fa2450        0x0 common/libcommon.a(devices.o)
 .v4_bx         0x33fa2450        0x0 common/libcommon.a(dlmalloc.o)
 .v4_bx         0x33fa2450        0x0 common/libcommon.a(env_common.o)
 .v4_bx         0x33fa2450        0x0 common/libcommon.a(env_nand.o)
 .v4_bx         0x33fa2450        0x0 common/libcommon.a(exports.o)
 .v4_bx         0x33fa2450        0x0 common/libcommon.a(flash.o)
 .v4_bx         0x33fa2450        0x0 common/libcommon.a(lists.o)
 .v4_bx         0x33fa2450        0x0 common/libcommon.a(s_record.o)
 .v4_bx         0x33fa2450        0x0 common/libcommon.a(xyzModem.o)
 .v4_bx         0x33fa2450        0x0 common/libcommon.a(cmd_suspend.o)
 .v4_bx         0x33fa2450        0x0 common/libcommon.a(crc16.o)
 .v4_bx         0x33fa2450        0x0 lib_generic/libgeneric.a(crc32.o)
 .v4_bx         0x33fa2450        0x0 lib_generic/libgeneric.a(ctype.o)
 .v4_bx         0x33fa2450        0x0 lib_generic/libgeneric.a(display_options.o)
 .v4_bx         0x33fa2450        0x0 lib_generic/libgeneric.a(string.o)
 .v4_bx         0x33fa2450        0x0 lib_generic/libgeneric.a(vsprintf.o)
 .v4_bx         0x33fa2450        0x0 lib_generic/libgeneric.a(zlib.o)
 .v4_bx         0x33fa2450        0x0 board/100ask24x0/lib100ask24x0.a(100ask24x0.o)
 .v4_bx         0x33fa2450        0x0 cpu/arm920t/libarm920t.a(cpu.o)
 .v4_bx         0x33fa2450        0x0 cpu/arm920t/libarm920t.a(suspend.o)
 .v4_bx         0x33fa2450        0x0 cpu/arm920t/s3c24x0/libs3c24x0.a(serial.o)
 .v4_bx         0x33fa2450        0x0 cpu/arm920t/s3c24x0/libs3c24x0.a(nand_flash.o)
 .v4_bx         0x33fa2450        0x0 lib_arm/libarm.a(_ashldi3.o)
 .v4_bx         0x33fa2450        0x0 lib_arm/libarm.a(_ashrdi3.o)
 .v4_bx         0x33fa2450        0x0 lib_arm/libarm.a(_divsi3.o)
 .v4_bx         0x33fa2450        0x0 lib_arm/libarm.a(_modsi3.o)
 .v4_bx         0x33fa2450        0x0 lib_arm/libarm.a(_umodsi3.o)
 .v4_bx         0x33fa2450        0x0 lib_arm/libarm.a(armlinux.o)
 .v4_bx         0x33fa2450        0x0 lib_arm/libarm.a(cache.o)
 .v4_bx         0x33fa2450        0x0 fs/cramfs/libcramfs.a(cramfs.o)
 .v4_bx         0x33fa2450        0x0 fs/cramfs/libcramfs.a(uncompress.o)
 .v4_bx         0x33fa2450        0x0 fs/jffs2/libjffs2.a(jffs2_1pass.o)
 .v4_bx         0x33fa2450        0x0 fs/jffs2/libjffs2.a(compr_rtime.o)
 .v4_bx         0x33fa2450        0x0 fs/jffs2/libjffs2.a(compr_rubin.o)
 .v4_bx         0x33fa2450        0x0 fs/jffs2/libjffs2.a(compr_zlib.o)
 .v4_bx         0x33fa2450        0x0 fs/jffs2/libjffs2.a(mini_inflate.o)
 .v4_bx         0x33fa2450        0x0 rtc/librtc.a(date.o)
 .v4_bx         0x33fa2450        0x0 rtc/librtc.a(s3c24x0_rtc.o)
 .v4_bx         0x33fa2450        0x0 drivers/nand/libnand.a(nand_util.o)
                0x33fa2450                . = ALIGN (0x4)

.rodata         0x33fa2450     0x1d44
 *(.rodata)
 .rodata        0x33fa2450       0x80 cpu/arm920t/libarm920t.a(interrupts.o)
 .rodata        0x33fa24d0       0x3d lib_arm/libarm.a(board.o)
                0x33fa24d0                version_string
 .rodata        0x33fa250d        0x7 net/libnet.a(net.o)
 .rodata        0x33fa2514       0x10 drivers/libdrivers.a(cfi_flash.o)
 .rodata        0x33fa2524     0x1328 drivers/libdrivers.a(jedec_flash.o)
 .rodata        0x33fa384c        0x5 drivers/nand/libnand.a(nand.o)
 .rodata        0x33fa3851       0x13 drivers/nand/libnand.a(nand_base.o)
 .rodata        0x33fa3864      0x100 drivers/nand/libnand.a(nand_ecc.o)
 .rodata        0x33fa3964       0x46 drivers/usb/libusb.a(usbsetup.o)
 *fill*         0x33fa39aa        0x2 00
 .rodata        0x33fa39ac        0x8 common/libcommon.a(cmd_jffs2.o)
 .rodata        0x33fa39b4       0x14 common/libcommon.a(cmd_nvedit.o)
 .rodata        0x33fa39c8      0x200 common/libcommon.a(crc16.o)
 .rodata        0x33fa3bc8      0x400 lib_generic/libgeneric.a(crc32.o)
 .rodata        0x33fa3fc8       0x90 lib_generic/libgeneric.a(zlib.o)
 .rodata        0x33fa4058       0x2e cpu/arm920t/s3c24x0/libs3c24x0.a(nand_flash.o)
 *fill*         0x33fa4086        0x2 00
 .rodata        0x33fa4088       0xc8 fs/jffs2/libjffs2.a(jffs2_1pass.o)
 .rodata        0x33fa4150       0x13 fs/jffs2/libjffs2.a(mini_inflate.o)
 *fill*         0x33fa4163        0x1 00
 .rodata        0x33fa4164       0x30 rtc/librtc.a(date.o)

.rodata.str1.1  0x33fa4194     0x8066
 .rodata.str1.1
                0x33fa4194      0x264 cpu/arm920t/libarm920t.a(interrupts.o)
                                0x27b (size before relaxing)
 .rodata.str1.1
                0x33fa43f8       0x36 cpu/arm920t/s3c24x0/libs3c24x0.a(interrupts.o)
 .rodata.str1.1
                0x33fa442e       0x73 lib_arm/libarm.a(board.o)
                                 0x75 (size before relaxing)
 .rodata.str1.1
                0x33fa44a1      0x1ba net/libnet.a(net.o)
                                0x1c2 (size before relaxing)
 .rodata.str1.1
                0x33fa465b      0x174 net/libnet.a(tftp.o)
                                0x1b5 (size before relaxing)
 .rodata.str1.1
                0x33fa47cf       0x7d net/libnet.a(bootp.o)
                                 0xad (size before relaxing)
 .rodata.str1.1
                0x33fa484c       0x13 net/libnet.a(rarp.o)
                                 0x47 (size before relaxing)
 .rodata.str1.1
                0x33fa485f       0xed net/libnet.a(nfs.o)
                                0x16c (size before relaxing)
 .rodata.str1.1
                0x33fa494c      0x3a8 drivers/libdrivers.a(cfi_flash.o)
                                0x3b6 (size before relaxing)
 .rodata.str1.1
                0x33fa4cf4      0x630 drivers/libdrivers.a(jedec_flash.o)
                                0x64f (size before relaxing)
 .rodata.str1.1
                0x33fa5324      0x20b drivers/libdrivers.a(dm9000x.o)
                                0x219 (size before relaxing)
 .rodata.str1.1
                0x33fa552f        0x9 drivers/nand/libnand.a(nand.o)
 .rodata.str1.1
                0x33fa5538      0x2f9 drivers/nand/libnand.a(nand_base.o)
                                0x2fb (size before relaxing)
 .rodata.str1.1
                0x33fa5831      0x3dc drivers/nand/libnand.a(nand_ids.o)
                                0x3f2 (size before relaxing)
 .rodata.str1.1
                0x33fa5c0d      0x2f0 drivers/nand/libnand.a(nand_bbt.o)
 .rodata.str1.1
                0x33fa5efd       0x17 drivers/usb/libusb.a(usbout.o)
 .rodata.str1.1
                0x33fa5f14      0x101 drivers/usb/libusb.a(usbsetup.o)
                                0x10b (size before relaxing)
 .rodata.str1.1
                0x33fa6015      0x2bb drivers/usb/libusb.a(usbinit.o)
                                0x2c0 (size before relaxing)
 .rodata.str1.1
                0x33fa62d0       0x11 drivers/usb/libusb.a(usbin.o)
                                 0x1f (size before relaxing)
 .rodata.str1.1
                0x33fa62e1      0x294 common/libcommon.a(main.o)
                                0x297 (size before relaxing)
 .rodata.str1.1
                0x33fa6575       0xec common/libcommon.a(cmd_autoscript.o)
 .rodata.str1.1
                0x33fa6661       0xb2 common/libcommon.a(cmd_bdinfo.o)
 .rodata.str1.1
                0x33fa6713      0x106 common/libcommon.a(cmd_boot.o)
                                0x111 (size before relaxing)
 .rodata.str1.1
                0x33fa6819      0x7ef common/libcommon.a(cmd_bootm.o)
                                0x85c (size before relaxing)
 .rodata.str1.1
                0x33fa7008      0x118 common/libcommon.a(cmd_cache.o)
                                0x12a (size before relaxing)
 .rodata.str1.1
                0x33fa7120       0x67 common/libcommon.a(cmd_console.o)
                                 0x6c (size before relaxing)
 .rodata.str1.1
                0x33fa7187      0x159 common/libcommon.a(cmd_date.o)
                                0x16a (size before relaxing)
 .rodata.str1.1
                0x33fa72e0      0x2b1 common/libcommon.a(cmd_elf.o)
                                0x2c3 (size before relaxing)
 .rodata.str1.1
                0x33fa7591      0x858 common/libcommon.a(cmd_flash.o)
                                0x89c (size before relaxing)
 .rodata.str1.1
                0x33fa7de9       0xbd common/libcommon.a(cmd_itest.o)
                                 0xca (size before relaxing)
 .rodata.str1.1
                0x33fa7ea6      0xf1d common/libcommon.a(cmd_jffs2.o)
                                0xf72 (size before relaxing)
 .rodata.str1.1
                0x33fa8dc3      0x3dc common/libcommon.a(cmd_load.o)
                                0x3f6 (size before relaxing)
 .rodata.str1.1
                0x33fa919f      0x5c4 common/libcommon.a(cmd_mem.o)
                                0x5e8 (size before relaxing)
 .rodata.str1.1
                0x33fa9763       0x6b common/libcommon.a(cmd_misc.o)
                                 0x76 (size before relaxing)
 .rodata.str1.1
                0x33fa97ce      0xab2 common/libcommon.a(cmd_nand.o)
                                0xb00 (size before relaxing)
 .rodata.str1.1
                0x33faa280      0x203 common/libcommon.a(cmd_net.o)
                                0x247 (size before relaxing)
 .rodata.str1.1
                0x33faa483      0x304 common/libcommon.a(cmd_nvedit.o)
                                0x387 (size before relaxing)
 .rodata.str1.1
                0x33faa787       0x9d common/libcommon.a(cmd_usbslave.o)
                                 0xb4 (size before relaxing)
 .rodata.str1.1
                0x33faa824      0x676 common/libcommon.a(cmd_menu.o)
                                0x6a2 (size before relaxing)
 .rodata.str1.1
                0x33faae9a      0x25e common/libcommon.a(command.o)
                                0x268 (size before relaxing)
 .rodata.str1.1
                0x33fab0f8       0x70 common/libcommon.a(console.o)
                                 0x74 (size before relaxing)
 .rodata.str1.1
                0x33fab168       0x2f common/libcommon.a(devices.o)
                                 0x43 (size before relaxing)
 .rodata.str1.1
                0x33fab197       0x33 common/libcommon.a(env_common.o)
 .rodata.str1.1
                0x33fab1ca       0x93 common/libcommon.a(env_nand.o)
                                 0x99 (size before relaxing)
 .rodata.str1.1
                0x33fab25d      0x10c common/libcommon.a(flash.o)
 .rodata.str1.1
                0x33fab369       0xe3 common/libcommon.a(xyzModem.o)
                                 0xe5 (size before relaxing)
 .rodata.str1.1
                0x33fab44c       0x4f common/libcommon.a(cmd_suspend.o)
 .rodata.str1.1
                0x33fab49b       0x11 lib_generic/libgeneric.a(display_options.o)
                                 0x18 (size before relaxing)
 .rodata.str1.1
                0x33fab4ac       0x51 lib_generic/libgeneric.a(vsprintf.o)
 .rodata.str1.1
                0x33fab4fd      0x1f3 lib_generic/libgeneric.a(zlib.o)
                                0x1f4 (size before relaxing)
 .rodata.str1.1
                0x33fab6f0       0x14 cpu/arm920t/s3c24x0/libs3c24x0.a(nand_flash.o)
 .rodata.str1.1
                0x33fab704       0x5a lib_arm/libarm.a(armlinux.o)
                                 0xb7 (size before relaxing)
 .rodata.str1.1
                0x33fab75e      0x18b fs/cramfs/libcramfs.a(cramfs.o)
                                0x18f (size before relaxing)
 .rodata.str1.1
                0x00000000       0x23 fs/cramfs/libcramfs.a(uncompress.o)
 .rodata.str1.1
                0x33fab8e9      0x3e8 fs/jffs2/libjffs2.a(jffs2_1pass.o)
                                0x401 (size before relaxing)
 .rodata.str1.1
                0x33fabcd1      0x529 drivers/nand/libnand.a(nand_util.o)
                                0x52b (size before relaxing)
                0x33fac1fc                . = ALIGN (0x4)

.data           0x33fac1fc     0x1498
 *(.data)
 .data          0x33fac1fc        0x0 cpu/arm920t/start.o
 .data          0x33fac1fc        0x0 board/100ask24x0/boot_init.o
 .data          0x33fac1fc        0x0 board/100ask24x0/lib100ask24x0.a(lowlevel_init.o)
 .data          0x33fac1fc        0x0 cpu/arm920t/libarm920t.a(interrupts.o)
 .data          0x33fac1fc        0x0 cpu/arm920t/s3c24x0/libs3c24x0.a(interrupts.o)
 .data          0x33fac1fc        0x0 cpu/arm920t/s3c24x0/libs3c24x0.a(speed.o)
 .data          0x33fac1fc        0x0 lib_arm/libarm.a(_udivsi3.o)
 .data          0x33fac1fc       0x2c lib_arm/libarm.a(board.o)
                0x33fac1fc                init_sequence
 .data          0x33fac228        0x0 lib_arm/libarm.a(div0.o)
 .data          0x33fac228        0xa net/libnet.a(net.o)
                0x33fac22a                NetBcastAddr
                0x33fac230                NetOurNativeVLAN
                0x33fac228                NetOurVLAN
 .data          0x33fac232        0x0 net/libnet.a(tftp.o)
 .data          0x33fac232        0x0 net/libnet.a(bootp.o)
 .data          0x33fac232        0x0 net/libnet.a(rarp.o)
 .data          0x33fac232        0x0 net/libnet.a(eth.o)
 *fill*         0x33fac232        0x2 00
 .data          0x33fac234        0x4 net/libnet.a(nfs.o)
 .data          0x33fac238        0x0 drivers/libdrivers.a(cfi_flash.o)
 .data          0x33fac238        0x0 drivers/libdrivers.a(jedec_flash.o)
 .data          0x33fac238        0x0 drivers/libdrivers.a(dm9000x.o)
 .data          0x33fac238        0x4 drivers/nand/libnand.a(nand.o)
                0x33fac238                nand_curr_device
 .data          0x33fac23c      0x298 drivers/nand/libnand.a(nand_base.o)
 .data          0x33fac4d4      0x548 drivers/nand/libnand.a(nand_ids.o)
                0x33fac9e4                nand_manuf_ids
                0x33fac4d4                nand_flash_ids
 .data          0x33faca1c        0x0 drivers/nand/libnand.a(nand_ecc.o)
 .data          0x33faca1c      0x10c drivers/nand/libnand.a(nand_bbt.o)
 .data          0x33facb28        0x0 drivers/usb/libusb.a(usbmain.o)
 .data          0x33facb28        0x0 drivers/usb/libusb.a(usbout.o)
 .data          0x33facb28        0x2 drivers/usb/libusb.a(usbsetup.o)
                0x33facb29                Configuration
                0x33facb28                Selfpwr
 .data          0x33facb2a        0x0 drivers/usb/libusb.a(usbinit.o)
 .data          0x33facb2a        0x0 drivers/usb/libusb.a(usbin.o)
 .data          0x33facb2a        0x0 drivers/usb/libusb.a(usblib.o)
 .data          0x33facb2a        0xd common/libcommon.a(main.o)
 .data          0x33facb37        0x0 common/libcommon.a(cmd_autoscript.o)
 .data          0x33facb37        0x0 common/libcommon.a(cmd_bdinfo.o)
 .data          0x33facb37        0x0 common/libcommon.a(cmd_boot.o)
 *fill*         0x33facb37        0x1 00
 .data          0x33facb38        0x4 common/libcommon.a(cmd_bootm.o)
                0x33facb38                load_addr
 .data          0x33facb3c        0x0 common/libcommon.a(cmd_cache.o)
 .data          0x33facb3c        0x0 common/libcommon.a(cmd_console.o)
 .data          0x33facb3c       0x1c common/libcommon.a(cmd_date.o)
                0x33facb3c                weekdays
 .data          0x33facb58        0x0 common/libcommon.a(cmd_elf.o)
 .data          0x33facb58        0x0 common/libcommon.a(cmd_flash.o)
 .data          0x33facb58       0x68 common/libcommon.a(cmd_itest.o)
                0x33facb58                op_table
 .data          0x33facbc0        0x0 common/libcommon.a(cmd_jffs2.o)
 .data          0x33facbc0        0x4 common/libcommon.a(cmd_load.o)
 .data          0x33facbc4        0x4 common/libcommon.a(cmd_mem.o)
                0x33facbc4                dp_last_length
 .data          0x33facbc8        0x0 common/libcommon.a(cmd_misc.o)
 .data          0x33facbc8        0x0 common/libcommon.a(cmd_nand.o)
 .data          0x33facbc8        0x0 common/libcommon.a(cmd_net.o)
 .data          0x33facbc8        0x0 common/libcommon.a(cmd_nvedit.o)
 .data          0x33facbc8        0x4 common/libcommon.a(cmd_usbslave.o)
                0x33facbc8                g_bUSBWait
 .data          0x33facbcc        0x0 common/libcommon.a(cmd_menu.o)
 .data          0x33facbcc        0x0 common/libcommon.a(command.o)
 .data          0x33facbcc        0x0 common/libcommon.a(console.o)
 .data          0x33facbcc        0xc common/libcommon.a(devices.o)
                0x33facbcc                stdio_names
 .data          0x33facbd8      0x414 common/libcommon.a(dlmalloc.o)
 .data          0x33facfec      0x108 common/libcommon.a(env_common.o)
                0x33fad0ec                env_get_char
                0x33facfec                default_environment
                0x33fad0f0                default_environment_size
 .data          0x33fad0f4        0x4 common/libcommon.a(env_nand.o)
                0x33fad0f4                env_name_spec
 .data          0x33fad0f8        0x0 common/libcommon.a(exports.o)
 .data          0x33fad0f8        0x0 common/libcommon.a(flash.o)
 .data          0x33fad0f8        0x0 common/libcommon.a(lists.o)
 .data          0x33fad0f8        0x0 common/libcommon.a(s_record.o)
 .data          0x33fad0f8        0x0 common/libcommon.a(xyzModem.o)
 .data          0x33fad0f8        0x0 common/libcommon.a(cmd_suspend.o)
 .data          0x33fad0f8        0x0 common/libcommon.a(crc16.o)
 .data          0x33fad0f8        0x0 lib_generic/libgeneric.a(crc32.o)
 .data          0x33fad0f8      0x100 lib_generic/libgeneric.a(ctype.o)
                0x33fad0f8                _ctype
 .data          0x33fad1f8        0x0 lib_generic/libgeneric.a(display_options.o)
 .data          0x33fad1f8        0x0 lib_generic/libgeneric.a(string.o)
 .data          0x33fad1f8        0x0 lib_generic/libgeneric.a(vsprintf.o)
 .data          0x33fad1f8      0x210 lib_generic/libgeneric.a(zlib.o)
                0x33fad3e4                zlib_version
                0x33fad3e8                z_errmsg
 .data          0x33fad408        0x0 board/100ask24x0/lib100ask24x0.a(100ask24x0.o)
 .data          0x33fad408        0x0 cpu/arm920t/libarm920t.a(cpu.o)
 .data          0x33fad408        0x0 cpu/arm920t/libarm920t.a(suspend.o)
 .data          0x33fad408        0x0 cpu/arm920t/s3c24x0/libs3c24x0.a(serial.o)
 .data          0x33fad408        0x0 cpu/arm920t/s3c24x0/libs3c24x0.a(nand_flash.o)
 .data          0x33fad408        0x0 lib_arm/libarm.a(_ashldi3.o)
 .data          0x33fad408        0x0 lib_arm/libarm.a(_ashrdi3.o)
 .data          0x33fad408        0x0 lib_arm/libarm.a(_divsi3.o)
 .data          0x33fad408        0x0 lib_arm/libarm.a(_modsi3.o)
 .data          0x33fad408        0x0 lib_arm/libarm.a(_umodsi3.o)
 .data          0x33fad408        0x0 lib_arm/libarm.a(armlinux.o)
 .data          0x33fad408        0x0 lib_arm/libarm.a(cache.o)
 .data          0x33fad408        0x0 fs/cramfs/libcramfs.a(cramfs.o)
 .data          0x33fad408        0x0 fs/cramfs/libcramfs.a(uncompress.o)
 .data          0x33fad408        0x4 fs/jffs2/libjffs2.a(jffs2_1pass.o)
 .data          0x33fad40c        0x0 fs/jffs2/libjffs2.a(compr_rtime.o)
 .data          0x33fad40c        0x0 fs/jffs2/libjffs2.a(compr_rubin.o)
 .data          0x33fad40c        0x0 fs/jffs2/libjffs2.a(compr_zlib.o)
 .data          0x33fad40c        0x0 fs/jffs2/libjffs2.a(mini_inflate.o)
 .data          0x33fad40c       0x30 rtc/librtc.a(date.o)
 .data          0x33fad43c        0x0 rtc/librtc.a(s3c24x0_rtc.o)
 .data          0x33fad43c      0x258 drivers/nand/libnand.a(nand_util.o)
                0x33fad694                . = ALIGN (0x4)

.got
 *(.got)
                0x33fad694                . = .
                0x33fad694                __u_boot_cmd_start = .

.u_boot_cmd     0x33fad694      0x558
 *(.u_boot_cmd)
 .u_boot_cmd    0x33fad694       0x18 common/libcommon.a(cmd_autoscript.o)
                0x33fad694                __u_boot_cmd_autoscr
 .u_boot_cmd    0x33fad6ac       0x18 common/libcommon.a(cmd_bdinfo.o)
                0x33fad6ac                __u_boot_cmd_bdinfo
 .u_boot_cmd    0x33fad6c4       0x30 common/libcommon.a(cmd_boot.o)
                0x33fad6dc                __u_boot_cmd_reset
                0x33fad6c4                __u_boot_cmd_go
 .u_boot_cmd    0x33fad6f4       0x78 common/libcommon.a(cmd_bootm.o)
                0x33fad6f4                __u_boot_cmd_bootm
                0x33fad73c                __u_boot_cmd_iminfo
                0x33fad724                __u_boot_cmd_bootd
                0x33fad70c                __u_boot_cmd_boot
                0x33fad754                __u_boot_cmd_imls
 .u_boot_cmd    0x33fad76c       0x30 common/libcommon.a(cmd_cache.o)
                0x33fad784                __u_boot_cmd_dcache
                0x33fad76c                __u_boot_cmd_icache
 .u_boot_cmd    0x33fad79c       0x18 common/libcommon.a(cmd_console.o)
                0x33fad79c                __u_boot_cmd_coninfo
 .u_boot_cmd    0x33fad7b4       0x18 common/libcommon.a(cmd_date.o)
                0x33fad7b4                __u_boot_cmd_date
 .u_boot_cmd    0x33fad7cc       0x30 common/libcommon.a(cmd_elf.o)
                0x33fad7e4                __u_boot_cmd_bootvx
                0x33fad7cc                __u_boot_cmd_bootelf
 .u_boot_cmd    0x33fad7fc       0x48 common/libcommon.a(cmd_flash.o)
                0x33fad7fc                __u_boot_cmd_flinfo
                0x33fad814                __u_boot_cmd_erase
                0x33fad82c                __u_boot_cmd_protect
 .u_boot_cmd    0x33fad844       0x18 common/libcommon.a(cmd_itest.o)
                0x33fad844                __u_boot_cmd_itest
 .u_boot_cmd    0x33fad85c       0x78 common/libcommon.a(cmd_jffs2.o)
                0x33fad88c                __u_boot_cmd_fsinfo
                0x33fad85c                __u_boot_cmd_fsload
                0x33fad8a4                __u_boot_cmd_chpart
                0x33fad8bc                __u_boot_cmd_mtdparts
                0x33fad874                __u_boot_cmd_ls
 .u_boot_cmd    0x33fad8d4       0x60 common/libcommon.a(cmd_load.o)
                0x33fad91c                __u_boot_cmd_loady
                0x33fad8ec                __u_boot_cmd_loadb
                0x33fad8d4                __u_boot_cmd_loads
                0x33fad904                __u_boot_cmd_loadx
 .u_boot_cmd    0x33fad934       0xf0 common/libcommon.a(cmd_mem.o)
                0x33fad934                __u_boot_cmd_md
                0x33fad9ac                __u_boot_cmd_cmp
                0x33fad97c                __u_boot_cmd_mw
                0x33fad9f4                __u_boot_cmd_loop
                0x33fad9dc                __u_boot_cmd_base
                0x33fad94c                __u_boot_cmd_mm
                0x33fad9c4                __u_boot_cmd_crc32
                0x33fad964                __u_boot_cmd_nm
                0x33fada0c                __u_boot_cmd_mtest
                0x33fad994                __u_boot_cmd_cp
 .u_boot_cmd    0x33fada24       0x18 common/libcommon.a(cmd_misc.o)
                0x33fada24                __u_boot_cmd_sleep
 .u_boot_cmd    0x33fada3c       0x30 common/libcommon.a(cmd_nand.o)
                0x33fada3c                __u_boot_cmd_nand
                0x33fada54                __u_boot_cmd_nboot
 .u_boot_cmd    0x33fada6c       0x78 common/libcommon.a(cmd_net.o)
                0x33fadab4                __u_boot_cmd_nfs
                0x33fadacc                __u_boot_cmd_ping
                0x33fada9c                __u_boot_cmd_rarpboot
                0x33fada84                __u_boot_cmd_tftpboot
                0x33fada6c                __u_boot_cmd_bootp
 .u_boot_cmd    0x33fadae4       0x60 common/libcommon.a(cmd_nvedit.o)
                0x33fadb2c                __u_boot_cmd_run
                0x33fadb14                __u_boot_cmd_saveenv
                0x33fadae4                __u_boot_cmd_printenv
                0x33fadafc                __u_boot_cmd_setenv
 .u_boot_cmd    0x33fadb44       0x18 common/libcommon.a(cmd_usbslave.o)
                0x33fadb44                __u_boot_cmd_usbslave
 .u_boot_cmd    0x33fadb5c       0x18 common/libcommon.a(cmd_menu.o)
                0x33fadb5c                __u_boot_cmd_menu
 .u_boot_cmd    0x33fadb74       0x60 common/libcommon.a(command.o)
                0x33fadb8c                __u_boot_cmd_echo
                0x33fadbbc                __u_boot_cmd_question_mark
                0x33fadb74                __u_boot_cmd_version
                0x33fadba4                __u_boot_cmd_help
 .u_boot_cmd    0x33fadbd4       0x18 common/libcommon.a(cmd_suspend.o)
                0x33fadbd4                __u_boot_cmd_suspend
                0x33fadbec                __u_boot_cmd_end = .
                0x33fadbec                . = ALIGN (0x4)
                0x33fadbec                __bss_start = .

.bss            0x33fadbec     0x720c
 *(.bss)
 .bss           0x33fadbec        0x0 cpu/arm920t/start.o
 .bss           0x33fadbec        0x0 board/100ask24x0/boot_init.o
 .bss           0x33fadbec        0x0 board/100ask24x0/lib100ask24x0.a(lowlevel_init.o)
 .bss           0x33fadbec        0x0 cpu/arm920t/libarm920t.a(interrupts.o)
 .bss           0x33fadbec       0xe0 cpu/arm920t/s3c24x0/libs3c24x0.a(interrupts.o)
                0x33fadc04                isr_handle_array
                0x33fadbf4                timer_load_val
                0x33fadbf8                intregs
                0x33fadc00                g_TimerIntHappen
 .bss           0x33fadccc        0x0 cpu/arm920t/s3c24x0/libs3c24x0.a(speed.o)
 .bss           0x33fadccc        0x0 lib_arm/libarm.a(_udivsi3.o)
 .bss           0x33fadccc       0x10 lib_arm/libarm.a(board.o)
                0x33fadcd8                monitor_flash_len
 .bss           0x33fadcdc        0x0 lib_arm/libarm.a(div0.o)
 .bss           0x33fadcdc     0x25cc net/libnet.a(net.o)
                0x33fadd38                NetArpWaitTry
                0x33fadd14                NetArpWaitPacketMAC
                0x33fadcec                NetOurEther
                0x33fadce8                NetOurIP
                0x33fadcf4                NetPingIP
                0x33fadd20                NetServerIP
                0x33fadd1c                NetArpWaitTxPacketSize
                0x33fadd08                NetArpWaitReplyIP
                0x33fadd18                NetArpWaitTxPacket
                0x33fafb6c                NetRxPackets
                0x33fb01a4                NetOurNISDomain
                0x33fadcfc                NetArpWaitPacketIP
                0x33fadcdc                NetState
                0x33fb0226                BootFile
                0x33fadd24                NetServerEther
                0x33fadd00                NetOurSubnetMask
                0x33fb0224                NetBootFileSize
                0x33fadce4                NetIPID
                0x33fb01c4                NetOurHostName
                0x33fadd0c                NetRxPkt
                0x33fadd04                NetOurGatewayIP
                0x33fadd30                NetEtherNullAddr
                0x33fafb7c                NetArpWaitPacketBuf
                0x33fadd10                NetRxPktLen
                0x33fadcf8                NetTxPacket
                0x33fb019c                NetBootFileXferSize
                0x33fb01a0                NetOurDNSIP
                0x33fadd4c                PktBuf
                0x33fb01e4                NetOurRootPath
                0x33fadd3c                NetArpWaitTimerStart
 .bss           0x33fb02a8       0x34 net/libnet.a(tftp.o)
 .bss           0x33fb02dc        0x8 net/libnet.a(bootp.o)
                0x33fb02dc                BootpTry
                0x33fb02e0                BootpID
 .bss           0x33fb02e4        0x4 net/libnet.a(rarp.o)
                0x33fb02e4                RarpTry
 .bss           0x33fb02e8        0x0 net/libnet.a(eth.o)
 .bss           0x33fb02e8      0x8b0 net/libnet.a(nfs.o)
 .bss           0x33fb0b98      0xa3c drivers/libdrivers.a(cfi_flash.o)
                0x33fb0b98                flash_info
 .bss           0x33fb15d4        0x0 drivers/libdrivers.a(jedec_flash.o)
 .bss           0x33fb15d4       0xb0 drivers/libdrivers.a(dm9000x.o)
 .bss           0x33fb1684      0x204 drivers/nand/libnand.a(nand.o)
                0x33fb1684                nand_info
 .bss           0x33fb1888        0x0 drivers/nand/libnand.a(nand_base.o)
 .bss           0x33fb1888        0x0 drivers/nand/libnand.a(nand_ids.o)
 .bss           0x33fb1888        0x0 drivers/nand/libnand.a(nand_ecc.o)
 .bss           0x33fb1888        0x0 drivers/nand/libnand.a(nand_bbt.o)
 .bss           0x33fb1888     0x1008 drivers/usb/libusb.a(usbmain.o)
                0x33fb288c                dbgStrRdPt
                0x33fb188c                dbgStrFifo
                0x33fb1888                dbgStrWrPt
 .bss           0x33fb2890       0x20 drivers/usb/libusb.a(usbout.o)
                0x33fb2890                ep3Buf
 .bss           0x33fb28b0       0x6c drivers/usb/libusb.a(usbsetup.o)
                0x33fb28dc                descEndpt0
                0x33fb28ec                ep0State
                0x33fb2918                endpoint1_status
                0x33fb2910                ep0SubState
                0x33fb28b0                descDev
                0x33fb2914                AlterSetting
                0x33fb2916                interface_status
                0x33fb2917                endpoint0_status
                0x33fb28fc                ConfigSet
                0x33fb290c                InterfaceGet
                0x33fb2915                device_status
                0x33fb28c4                descConf
                0x33fb2900                Rwuen
                0x33fb2919                endpoint3_status
                0x33fb28e4                descEndpt1
                0x33fb2904                StatusGet
                0x33fb28d0                descIf
                0x33fb28f0                descSetup
 .bss           0x33fb291c       0x5c drivers/usb/libusb.a(usbinit.o)
                0x33fb2954                dwWillDMACnt
                0x33fb2944                tempDownloadAddress
                0x33fb2964                menuUsed
                0x33fb2958                totalDmaCount
                0x33fb291c                gpioregs
                0x33fb2924                usbdevregs
                0x33fb2920                clk_powerregs
                0x33fb2948                downloadAddress
                0x33fb2930                download_run
                0x33fb2950                downloadFileSize
                0x33fb293c                dwUSBBufWritePtr
                0x33fb2960                err
                0x33fb2970                dwUSBBufSize
                0x33fb2928                dmaregs
                0x33fb2974                consoleNum
                0x33fb2968                run
                0x33fb296c                checkSum
                0x33fb295c                restart
                0x33fb2940                bDMAPending
                0x33fb2938                dwUSBBufReadPtr
                0x33fb292c                isUsbdSetConfiguration
                0x33fb294c                downPt
                0x33fb2934                dwUSBBufBase
 .bss           0x33fb2978       0x24 drivers/usb/libusb.a(usbin.o)
                0x33fb297c                ep1Buf
                0x33fb2978                transferIndex
 .bss           0x33fb299c        0x0 drivers/usb/libusb.a(usblib.o)
 .bss           0x33fb299c      0x200 common/libcommon.a(main.o)
                0x33fb299c                console_buffer
 .bss           0x33fb2b9c        0x0 common/libcommon.a(cmd_autoscript.o)
 .bss           0x33fb2b9c        0x0 common/libcommon.a(cmd_bdinfo.o)
 .bss           0x33fb2b9c        0x0 common/libcommon.a(cmd_boot.o)
 .bss           0x33fb2b9c       0x40 common/libcommon.a(cmd_bootm.o)
                0x33fb2b9c                header
 .bss           0x33fb2bdc        0x0 common/libcommon.a(cmd_cache.o)
 .bss           0x33fb2bdc        0x0 common/libcommon.a(cmd_console.o)
 .bss           0x33fb2bdc        0x0 common/libcommon.a(cmd_date.o)
 .bss           0x33fb2bdc        0x0 common/libcommon.a(cmd_elf.o)
 .bss           0x33fb2bdc        0x0 common/libcommon.a(cmd_flash.o)
 .bss           0x33fb2bdc        0x0 common/libcommon.a(cmd_itest.o)
 .bss           0x33fb2bdc      0x2ac common/libcommon.a(cmd_jffs2.o)
                0x33fb2dfc                mtdids
                0x33fb2bdc                devices
 .bss           0x33fb2e88       0x88 common/libcommon.a(cmd_load.o)
                0x33fb2ebc                his_pad_char
                0x33fb2e8c                os_data_count
                0x33fb2e9c                os_data_init
                0x33fb2ec0                send_ptr
                0x33fb2ef0                os_data_header
                0x33fb2eb0                os_data_char
                0x33fb2ebd                his_eol
                0x33fb2eb4                his_quote
                0x33fb2ec4                send_parms
                0x33fb2eb8                his_pad_count
 .bss           0x33fb2f10       0x14 common/libcommon.a(cmd_mem.o)
                0x33fb2f20                dp_last_size
                0x33fb2f1c                dp_last_addr
                0x33fb2f18                mm_last_size
                0x33fb2f14                mm_last_addr
 .bss           0x33fb2f24        0x0 common/libcommon.a(cmd_misc.o)
 .bss           0x33fb2f24        0x0 common/libcommon.a(cmd_nand.o)
 .bss           0x33fb2f24        0x0 common/libcommon.a(cmd_net.o)
 .bss           0x33fb2f24        0x0 common/libcommon.a(cmd_nvedit.o)
 .bss           0x33fb2f24        0x4 common/libcommon.a(cmd_usbslave.o)
                0x33fb2f24                g_dwDownloadLen
 .bss           0x33fb2f28        0x0 common/libcommon.a(cmd_menu.o)
 .bss           0x33fb2f28        0x0 common/libcommon.a(command.o)
 .bss           0x33fb2f28        0x8 common/libcommon.a(console.o)
 .bss           0x33fb2f30       0x10 common/libcommon.a(devices.o)
                0x33fb2f30                devlist
                0x33fb2f34                stdio_devices
 .bss           0x33fb2f40       0x38 common/libcommon.a(dlmalloc.o)
 .bss           0x33fb2f78        0x0 common/libcommon.a(env_common.o)
 .bss           0x33fb2f78        0x4 common/libcommon.a(env_nand.o)
                0x33fb2f78                env_ptr
 .bss           0x33fb2f7c        0x0 common/libcommon.a(exports.o)
 .bss           0x33fb2f7c        0x0 common/libcommon.a(flash.o)
 .bss           0x33fb2f7c        0x0 common/libcommon.a(lists.o)
 .bss           0x33fb2f7c        0x0 common/libcommon.a(s_record.o)
 .bss           0x33fb2f7c      0x43c common/libcommon.a(xyzModem.o)
 .bss           0x33fb33b8        0x0 common/libcommon.a(cmd_suspend.o)
 .bss           0x33fb33b8        0x0 common/libcommon.a(crc16.o)
 .bss           0x33fb33b8        0x0 lib_generic/libgeneric.a(crc32.o)
 .bss           0x33fb33b8        0x0 lib_generic/libgeneric.a(ctype.o)
 .bss           0x33fb33b8        0x0 lib_generic/libgeneric.a(display_options.o)